four82nine74
482nine74
482974
482974
44
hlpqrdh3
3
33
eightsevenhrsseven988
8sevenhrsseven988
87hrsseven988
87hrs7988
877988
88
324pzonenine
324pz1nine
324pz19
32419
39
fglpbone79fourvrgcmgklbmthree
fglpb179fourvrgcmgklbmthree
fglpb1794vrgcmgklbmthree
fglpb1794vrgcmgklbm3
17943
13
fmbbkvthdcdmcjxzclk42six4
fmbbkvthdcdmcjxzclk4264
4264
44
four22xcqsnvktnpfshtmm
422xcqsnvktnpfshtmm
422
42
qmfsccxsixfivelnmpjqjcsc1sixpfpmeight
qmfsccx6fivelnmpjqjcsc1sixpfpmeight
qmfsccx65lnmpjqjcsc1sixpfpmeight
qmfsccx65lnmpjqjcsc16pfpmeight
qmfsccx65lnmpjqjcsc16pfpm8
65168
68
eight1nine5nine9six
81nine5nine9six
8195nine9six
819599six
8195996
8195996
86
s4r91seven
s4r917
4917
47
6pspkslrnxpplkhgqlcqfour
6pspkslrnxpplkhgqlcq4
64
64
sixeightnzrzgjvsrnmtqgx5
6eightnzrzgjvsrnmtqgx5
68nzrzgjvsrnmtqgx5
685
65
sixtwo1
6two1
621
621
61
h6
6
66
five8pbcsllrbvg787
58pbcsllrbvg787
58787
57
dpfhfeight28onefourtwo
dpfhf828onefourtwo
dpfhf8281fourtwo
dpfhf82814two
dpfhf828142
828142
82
vxqbtkxjtwoz3seven
vxqbtkxj2z3seven
vxqbtkxj2z37
237
27
8ksrcjrcmpbq9rtvtvrbgljzqvbnxddnzt
89
89
mpftpsgp6fourvdmltwojd9
mpftpsgp64vdmltwojd9
mpftpsgp64vdml2jd9
6429
69
2fivetwosix
25twosix
252six
2526
2526
26
3qqx2
32
32
jsbdh16snnllpvvgnggfive5nhjpgdzh
jsbdh16snnllpvvgngg55nhjpgdzh
1655
15
4fmgmmbonegtsnqfdqt1pm
4fmgmmb1gtsnqfdqt1pm
411
41
2onendvlmcrvzsnpr83nine
21ndvlmcrvzsnpr83nine
21ndvlmcrvzsnpr839
21839
29
8ninelfhkhnqtdfour
89lfhkhnqtdfour
89lfhkhnqtd4
894
84
8reight
8r8
88
88
84gnprjhr3eightsixsix
84gnprjhr38sixsix
84gnprjhr386six
84gnprjhr3866
843866
86
1nc7two
1nc72
172
12
3zcgkgrnd1d4
314
34
nmfqfivervqkxmkdpnine51
nmfq5rvqkxmkdpnine51
nmfq5rvqkxmkdp951
5951
51
1fdtrptkb3
13
13
nineone7kks
9one7kks
917kks
917
97
ninelzgncpeight966427
9lzgncpeight966427
9lzgncp8966427
98966427
97
eightrsniner9
8rsniner9
8rs9r9
899
89
nine7two4
97two4
9724
9724
94
253slq
253
23
lkhthreetwo982rrc
lkh3two982rrc
lkh32982rrc
32982
32
fivegdsfnfour64sixtqfour
5gdsfnfour64sixtqfour
5gdsfn464sixtqfour
5gdsfn4646tqfour
5gdsfn4646tq4
546464
54
dkfdtgnine9
dkfdtg99
99
99
1six15ninebgnzhtbmlxpnrqoneightfhp
1615ninebgnzhtbmlxpnrqoneightfhp
16159bgnzhtbmlxpnrqoneightfhp
16159bgnzhtbmlxpnrq1ightfhp
161591
11
32fivefivexjvckfourseven5seven
325fivexjvckfourseven5seven
3255xjvckfourseven5seven
3255xjvck4seven5seven
3255xjvck475seven
3255xjvck4757
32554757
37
onexxzvptxkn42eightvsdgszdjgp
1xxzvptxkn42eightvsdgszdjgp
1xxzvptxkn428vsdgszdjgp
1428
18
three6sevennine
36sevennine
367nine
3679
3679
39
mvsrflqjsix22lhd2twodkltkmsk
mvsrflqj622lhd2twodkltkmsk
mvsrflqj622lhd22dkltkmsk
62222
62
threetnbfsfxxhseven51cjvmkvzkdhr2
3tnbfsfxxhseven51cjvmkvzkdhr2
3tnbfsfxxh751cjvmkvzkdhr2
37512
32
11twoxjszm93
112xjszm93
11293
13
trr62fivedvktlheight19
trr625dvktlheight19
trr625dvktlh819
625819
69
4hxthreepqptvkkzmfsevenfourxeight
4hx3pqptvkkzmfsevenfourxeight
4hx3pqptvkkzmf7fourxeight
4hx3pqptvkkzmf74xeight
4hx3pqptvkkzmf74x8
43748
48
5shqhrjtdgsninepblpjprtqptz
5shqhrjtdgs9pblpjprtqptz
59
59
ptwone9kzvjhhfive7qjsblztmfvthreeqrhhmbgjpqrgqhcgzntmvskhh
p2ne9kzvjhhfive7qjsblztmfvthreeqrhhmbgjpqrgqhcgzntmvskhh
p2ne9kzvjhh57qjsblztmfvthreeqrhhmbgjpqrgqhcgzntmvskhh
p2ne9kzvjhh57qjsblztmfv3qrhhmbgjpqrgqhcgzntmvskhh
29573
23
xltqzgqxbkq7krgnthtqbm3636
73636
76
nvvxfxbgldrb2seven7twokxzbfkvptflnhlqjrthreeoneights
nvvxfxbgldrb277twokxzbfkvptflnhlqjrthreeoneights
nvvxfxbgldrb2772kxzbfkvptflnhlqjrthreeoneights
nvvxfxbgldrb2772kxzbfkvptflnhlqjr3oneights
nvvxfxbgldrb2772kxzbfkvptflnhlqjr31ights
277231
21
7fcvckqszbj
7
77
eight1ninethreeninenbmcsqtrl7
81ninethreeninenbmcsqtrl7
819threeninenbmcsqtrl7
8193ninenbmcsqtrl7
81939nbmcsqtrl7
819397
87
zkqmlqmtszrbvnjnvsevennine9sevenqjrlxqjlql
zkqmlqmtszrbvnjnv7nine9sevenqjrlxqjlql
zkqmlqmtszrbvnjnv799sevenqjrlxqjlql
zkqmlqmtszrbvnjnv7997qjrlxqjlql
7997
77
428
428
48
8seven16nineeight
8716nineeight
87169eight
871698
871698
88
24bkfzsrxjtbzbknqqxtfftzlnrkeight
24bkfzsrxjtbzbknqqxtfftzlnrk8
248
28
two372eightnine
2372eightnine
23728nine
237289
237289
29
skxf5zpnmzqgvzjv9sixtwo
skxf5zpnmzqgvzjv96two
skxf5zpnmzqgvzjv962
5962
52
1fivedsghrseven4
15dsghrseven4
15dsghr74
1574
14
8hmb75twotwo
8hmb752two
8hmb7522
87522
82
2hsnpfourthree3h88cz
2hsnp4three3h88cz
2hsnp433h88cz
243388
28
6qkqxszvghrdslpckhfivedlx
6qkqxszvghrdslpckh5dlx
65
65
pnxvtbflleightjpfzlqxhr22ckjrnzhnbvdnj1xnfhmb
pnxvtbfll8jpfzlqxhr22ckjrnzhnbvdnj1xnfhmb
8221
81
cdscn4xksngscvnseven
cdscn4xksngscvn7
47
47
65oneightpln
651ightpln
651
61
ninesix11six41seven5twonesl
9six11six41seven5twonesl
9611six41seven5twonesl
9611641seven5twonesl
961164175twonesl
9611641752nesl
9611641752
92
f411d
411
41
sixonedqppgfdfbthree1sj1sevenqhdjlg
6onedqppgfdfbthree1sj1sevenqhdjlg
61dqppgfdfbthree1sj1sevenqhdjlg
61dqppgfdfb31sj1sevenqhdjlg
61dqppgfdfb31sj17qhdjlg
613117
67
eightsixhzshtg5oneone
8sixhzshtg5oneone
86hzshtg5oneone
86hzshtg51one
86hzshtg511
86511
81
tbhdgzphkkvbbclmhgvb3three
tbhdgzphkkvbbclmhgvb33
33
33
dpsxdfmzstpd7rzf3
73
73
kzpctbr3oneninevgcxcvsconeightgk
kzpctbr31ninevgcxcvsconeightgk
kzpctbr319vgcxcvsconeightgk
kzpctbr319vgcxcvsc1ightgk
3191
31
blmpjv6ltxfqsqfjnjgxtseven82
blmpjv6ltxfqsqfjnjgxt782
6782
62
99four
994
994
94
onexsxs3sixdnfqlffjnnrfive
1xsxs3sixdnfqlffjnnrfive
1xsxs36dnfqlffjnnrfive
1xsxs36dnfqlffjnnr5
1365
15
4sevenzdjvrqjlx33
47zdjvrqjlx33
4733
43
brtbqvzcdtlkn83sevenmmtwo
brtbqvzcdtlkn837mmtwo
brtbqvzcdtlkn837mm2
8372
82
5bnlmjtmeight
5bnlmjtm8
58
58
twotwofive2fqbfvqhp65eight
2twofive2fqbfvqhp65eight
22five2fqbfvqhp65eight
2252fqbfvqhp65eight
2252fqbfvqhp658
2252658
28
dstwoneninekfourphth4lrfjjrh
ds2neninekfourphth4lrfjjrh
ds2ne9kfourphth4lrfjjrh
ds2ne9k4phth4lrfjjrh
2944
24
mqsndqcxt3
3
33
5mbfxskgnh1twoqbxfbcjkzf
5mbfxskgnh12qbxfbcjkzf
512
52
6fourzdcmdl78pvxxjrplmtmvhh
64zdcmdl78pvxxjrplmtmvhh
6478
68
3mzgttvpt8gvzoneseven21
3mzgttvpt8gvz1seven21
3mzgttvpt8gvz1721
381721
31
8253fgfhpmponef8
8253fgfhpmp1f8
825318
88
nineninelhntskjvd25
9ninelhntskjvd25
99lhntskjvd25
9925
95
1czbccmrlch27three
1czbccmrlch273
1273
13
one4l5four
14l5four
14l54
1454
14
sixmcnsxf5two
6mcnsxf5two
6mcnsxf52
652
62
onethree2five7vzhctscktrcx
1three2five7vzhctscktrcx
132five7vzhctscktrcx
13257vzhctscktrcx
13257
17
14szp5fqtqfzcd
145
15
6cgpzjprtsjd8five4vjzfhgkbbf9
6cgpzjprtsjd854vjzfhgkbbf9
68549
69
7gt
7
77
4lzx
4
44
fonexgjsnine8
f1xgjsnine8
f1xgjs98
198
18
1twomvdvdrrneight8fivenine
12mvdvdrrneight8fivenine
12mvdvdrrn88fivenine
12mvdvdrrn885nine
12mvdvdrrn8859
128859
19
59eightthreesevenctwon5
598threesevenctwon5
5983sevenctwon5
59837ctwon5
59837c2n5
5983725
55
2dxfivenqflqppm3bmtmblbkltwomc
2dx5nqflqppm3bmtmblbkltwomc
2dx5nqflqppm3bmtmblbkl2mc
2532
22
36mplfgblgff6
366
36
threeseven8gf9sevennine85
3seven8gf9sevennine85
378gf9sevennine85
378gf97nine85
378gf97985
37897985
35
hfssbghbnonesvdm7onekssjbthxjjvnqmcgmrcx
hfssbghbn1svdm7onekssjbthxjjvnqmcgmrcx
hfssbghbn1svdm71kssjbthxjjvnqmcgmrcx
171
11
eightfrbrstlh8
8frbrstlh8
88
88
eight34sevendlhvhszcnvdlvctkdzsgq
834sevendlhvhszcnvdlvctkdzsgq
8347dlhvhszcnvdlvctkdzsgq
8347
87
seven2eightmtsmflrx2three44rsk
72eightmtsmflrx2three44rsk
728mtsmflrx2three44rsk
728mtsmflrx2344rsk
7282344
74
fg6
6
66
mbf44
44
44
5926386nine
59263869
59263869
59
48vqvcffsq2eight7zktszfour
48vqvcffsq287zktszfour
48vqvcffsq287zktsz4
482874
44
djstrfnqsixone8oneightc
djstrfnq6one8oneightc
djstrfnq618oneightc
djstrfnq6181ightc
6181
61
5seventwoqtr3eight5
57twoqtr3eight5
572qtr3eight5
572qtr385
572385
55
dttwo88three
dt288three
dt2883
2883
23
8rdxmnrtmt
8
88
r2tzcbr867onetwo
r2tzcbr8671two
r2tzcbr86712
286712
22
2v489four2
2v48942
248942
22
vsmfszr5
5
55
84nxrm48
8448
88
5cp4five51three
5cp4551three
5cp45513
545513
53
four3six3
43six3
4363
4363
43
4zglqmdngeight1sqb
4zglqmdng81sqb
481
41
3twosrlvbzfh6nkrhmnjqeightseven
32srlvbzfh6nkrhmnjqeightseven
32srlvbzfh6nkrhmnjq8seven
32srlvbzfh6nkrhmnjq87
32687
37
eightgjhs276five
8gjhs276five
8gjhs2765
82765
85
j15one683
j151683
151683
13
hnnonefvhnxggtwoz2five
hnn1fvhnxggtwoz2five
hnn1fvhnxgg2z2five
hnn1fvhnxgg2z25
1225
15
threeseven2fourkltqmthree
3seven2fourkltqmthree
372fourkltqmthree
3724kltqmthree
3724kltqm3
37243
33
bmksn4
4
44
11ntrt
11
11
5tctbxqjcngdhffqqrjfive
5tctbxqjcngdhffqqrj5
55
55
vcstnf1
1
11
98tgzlvtwobjpxj6
98tgzlv2bjpxj6
9826
96
one6j5hqgbvhtmsjkbt7mglhvjjxmtwo
16j5hqgbvhtmsjkbt7mglhvjjxmtwo
16j5hqgbvhtmsjkbt7mglhvjjxm2
16572
12
1sixq
16q
16
16
three8lbqdd38ljfourtwoccntjgnmv
38lbqdd38ljfourtwoccntjgnmv
38lbqdd38lj4twoccntjgnmv
38lbqdd38lj42ccntjgnmv
383842
32
two5msdsntdrjl4six15tdpnknrxnine
25msdsntdrjl4six15tdpnknrxnine
25msdsntdrjl4615tdpnknrxnine
25msdsntdrjl4615tdpnknrx9
2546159
29
sevenzkbfmqxb2sixsevenbvnbxtxvfournine
7zkbfmqxb2sixsevenbvnbxtxvfournine
7zkbfmqxb26sevenbvnbxtxvfournine
7zkbfmqxb267bvnbxtxvfournine
7zkbfmqxb267bvnbxtxv4nine
7zkbfmqxb267bvnbxtxv49
726749
79
1nzdfninednkhghlscsc
1nzdf9dnkhghlscsc
19
19
onefive3gvjsqqgx7seventhree
1five3gvjsqqgx7seventhree
153gvjsqqgx7seventhree
153gvjsqqgx77three
153gvjsqqgx773
153773
13
8dglgts4slg5sixninevzsj
8dglgts4slg56ninevzsj
8dglgts4slg569vzsj
84569
89
dxdmkshgssevenfour967ninetwo
dxdmkshgs7four967ninetwo
dxdmkshgs74967ninetwo
dxdmkshgs749679two
dxdmkshgs7496792
7496792
72
4ninevrhsbqnjtwo
49vrhsbqnjtwo
49vrhsbqnj2
492
42
358fiveseven
3585seven
35857
35857
37
two8sixzt2
28sixzt2
286zt2
2862
22
93ninefztjqrhdlxxsjnnflczbsjqpkrmsixtngxqk
939fztjqrhdlxxsjnnflczbsjqpkrmsixtngxqk
939fztjqrhdlxxsjnnflczbsjqpkrm6tngxqk
9396
96
ltpnkxtwoeightcfpjhthree5brzhffour
ltpnkx2eightcfpjhthree5brzhffour
ltpnkx28cfpjhthree5brzhffour
ltpnkx28cfpjh35brzhffour
ltpnkx28cfpjh35brzhf4
28354
24
four3five6q645qxn
43five6q645qxn
4356q645qxn
4356645
45
fourjxqghk6
4jxqghk6
46
46
8dznl428nine
8dznl4289
84289
89
1djftqndtmkcbptxs22
122
12
27one
271
271
21
543
543
53
qgtbvgnl4tzfgch7zqtmpsix
qgtbvgnl4tzfgch7zqtmp6
476
46
fourxfgqcsgxbg741922nine
4xfgqcsgxbg741922nine
4xfgqcsgxbg7419229
47419229
49
two4sixmkvkftwo5one
24sixmkvkftwo5one
246mkvkftwo5one
246mkvkf25one
246mkvkf251
246251
21
lrlnnbdzr82g58fkgvfninezmqv
lrlnnbdzr82g58fkgvf9zmqv
82589
89
2xbkhjbrlztnphmcsfcln
2
22
2xlxksqkb
2
22
rcnzsrtfive9scnnvqx6kmkvgmxlpqtkmbjtvsfmvseven
rcnzsrt59scnnvqx6kmkvgmxlpqtkmbjtvsfmvseven
rcnzsrt59scnnvqx6kmkvgmxlpqtkmbjtvsfmv7
5967
57
6oneninekfpnbngn2
61ninekfpnbngn2
619kfpnbngn2
6192
62
2nnxlthmxqc9eighttcznxdchdthree
2nnxlthmxqc98tcznxdchdthree
2nnxlthmxqc98tcznxdchd3
2983
23
dznqtbkgtwo5zpthvsnone
dznqtbkg25zpthvsnone
dznqtbkg25zpthvsn1
251
21
7nxjjzhfhpshccknpbpttrjhqkxmmssvtlxtmbxlhvtjczone5twonecf
7nxjjzhfhpshccknpbpttrjhqkxmmssvtlxtmbxlhvtjcz15twonecf
7nxjjzhfhpshccknpbpttrjhqkxmmssvtlxtmbxlhvtjcz152necf
7152
72
96eight
968
968
98
7qvckkdtvzjd
7
77
14nine1two
1491two
14912
14912
12
eight87one8ncdzkptqrgtfclsevenc
887one8ncdzkptqrgtfclsevenc
88718ncdzkptqrgtfclsevenc
88718ncdzkptqrgtfcl7c
887187
87
8fourfive
84five
845
845
85
jjqbpmp42589stwosix
jjqbpmp42589s2six
jjqbpmp42589s26
4258926
46
vtrbqpv9sevenone1qlvmzkthnnsevenseven
vtrbqpv97one1qlvmzkthnnsevenseven
vtrbqpv9711qlvmzkthnnsevenseven
vtrbqpv9711qlvmzkthnn7seven
vtrbqpv9711qlvmzkthnn77
971177
97
pxnxptttxh6fourmbpcldrlfnjtcxtwoonefour
pxnxptttxh64mbpcldrlfnjtcxtwoonefour
pxnxptttxh64mbpcldrlfnjtcx2onefour
pxnxptttxh64mbpcldrlfnjtcx21four
pxnxptttxh64mbpcldrlfnjtcx214
64214
64
8njghfrsix82
8njghfr682
8682
82
gvns197fsgtwo
gvns197fsg2
1972
12
9sljnsix8
9sljn68
968
98
rnine7ninethreenjxnrqgzbxbtvrltbss
r97ninethreenjxnrqgzbxbtvrltbss
r979threenjxnrqgzbxbtvrltbss
r9793njxnrqgzbxbtvrltbss
9793
93
4stzbqg44f
444
44
3ninesevennvvdmgkxzmttcxfbsvjrg
39sevennvvdmgkxzmttcxfbsvjrg
397nvvdmgkxzmttcxfbsvjrg
397
37
eightsix3twofmnvs
8six3twofmnvs
863twofmnvs
8632fmnvs
8632
82
one2fmzxnhhrnvlttxnhbrjsgjsqkvfn5
12fmzxnhhrnvlttxnhbrjsgjsqkvfn5
125
15
qz9ptnxfngfrh65bvvbhtsrsntczgj
965
95
qfvqfpb2txnxxd2fiventvznljcqj
qfvqfpb2txnxxd25ntvznljcqj
225
25
fiveqvmzqlgzdbvqzjbllzeight5bgt
5qvmzqlgzdbvqzjbllzeight5bgt
5qvmzqlgzdbvqzjbllz85bgt
585
55
qggflvv753clcqqjqmngdm6onefour
qggflvv753clcqqjqmngdm61four
qggflvv753clcqqjqmngdm614
753614
74
3fourfiveeightbbgcgtwo857
34fiveeightbbgcgtwo857
345eightbbgcgtwo857
3458bbgcgtwo857
3458bbgcg2857
34582857
37
one5nineeightg44
15nineeightg44
159eightg44
1598g44
159844
14
6zmqxcl16twofivedjxhzmhffive
6zmqxcl162fivedjxhzmhffive
6zmqxcl1625djxhzmhffive
6zmqxcl1625djxhzmhf5
616255
65
jnnsixsixtwo2bgsnbrzlnlltb
jnn6sixtwo2bgsnbrzlnlltb
jnn66two2bgsnbrzlnlltb
jnn6622bgsnbrzlnlltb
6622
62
six63oneightgdg
663oneightgdg
6631ightgdg
6631
61
pftmhdnqdgfive1three42four
pftmhdnqdg51three42four
pftmhdnqdg51342four
pftmhdnqdg513424
513424
54
8hkcjlskh82
882
82
84
84
84
1ninefour9sxmppxjqqxpn
19four9sxmppxjqqxpn
1949sxmppxjqqxpn
1949
19
ndrgrhsp1gxcrfgxctv
1
11
fiverzmcmbqd78gqm
5rzmcmbqd78gqm
578
58
fiveeight4
5eight4
584
584
54
vxktmrcdlsfiveoneftvqnnvjfour8sixlmldnrceight
vxktmrcdls5oneftvqnnvjfour8sixlmldnrceight
vxktmrcdls51ftvqnnvjfour8sixlmldnrceight
vxktmrcdls51ftvqnnvj48sixlmldnrceight
vxktmrcdls51ftvqnnvj486lmldnrceight
vxktmrcdls51ftvqnnvj486lmldnrc8
514868
58
hpfprllctdjtwo9ksszn8eightcfdbzz
hpfprllctdj29ksszn8eightcfdbzz
hpfprllctdj29ksszn88cfdbzz
2988
28
nine5fourfbgf8one7t
95fourfbgf8one7t
954fbgf8one7t
954fbgf817t
954817
97
8sqxm5
85
85
6fxcxhn
6
66
2prktdcvnine1
2prktdcv91
291
21
2vqrlpffvjlfourktdhxxgvonedvnsvlld
2vqrlpffvjl4ktdhxxgvonedvnsvlld
2vqrlpffvjl4ktdhxxgv1dvnsvlld
241
21
qk7294fl
7294
74
sevenfivesevensevensn4
7fivesevensevensn4
75sevensevensn4
757sevensn4
7577sn4
75774
74
rnpqmrgczhllzszvkfzmcljzpthree8
rnpqmrgczhllzszvkfzmcljzp38
38
38
fdcqknlctq74
74
74
1xnvpvfgsbslkkktxxhn
1
11
one5eight3zrldkdj
15eight3zrldkdj
1583zrldkdj
1583
13
nlvgbz71fourk33
nlvgbz714k33
71433
73
sixfourfour6three2three
6fourfour6three2three
64four6three2three
6446three2three
644632three
6446323
6446323
63
7lszpqqq795nzdfxbzsqlsix
7lszpqqq795nzdfxbzsql6
77956
76
one8nkqdtctsjj
18nkqdtctsjj
18
18
7xfphzjzndr1
71
71
keightwo25hmqthbeight
k8wo25hmqthbeight
k8wo25hmqthb8
8258
88
2sixdm
26dm
26
26
l4eight1fourfour
l481fourfour
l4814four
l48144
48144
44
2ldzseven3eightmdmsgkrrfivetwobbzz
2ldz73eightmdmsgkrrfivetwobbzz
2ldz738mdmsgkrrfivetwobbzz
2ldz738mdmsgkrr5twobbzz
2ldz738mdmsgkrr52bbzz
273852
22
mtwoneonezdfour22two6
m2neonezdfour22two6
m2ne1zdfour22two6
m2ne1zd422two6
m2ne1zd42226
2142226
26
7fnjbjqdxvkntlfkhkvnzt
7
77
dhqsqnslccxgdd63x
63
63
nine6fourthree
96fourthree
964three
9643
9643
93
7qzbrpplm9
79
79
pqbdbxxxggn9fivebfttnine
pqbdbxxxggn95bfttnine
pqbdbxxxggn95bftt9
959
99
58h152eightjmjqlzjjp
58h1528jmjqlzjjp
581528
58
8vjrtblqzsx
8
88
7sevenonesevenhqkvxxsvrsix
77onesevenhqkvxxsvrsix
771sevenhqkvxxsvrsix
7717hqkvxxsvrsix
7717hqkvxxsvr6
77176
76
four6hcxdtwozjnpsdtpzxxninevzvsxffxpctcjbtmlm
46hcxdtwozjnpsdtpzxxninevzvsxffxpctcjbtmlm
46hcxd2zjnpsdtpzxxninevzvsxffxpctcjbtmlm
46hcxd2zjnpsdtpzxx9vzvsxffxpctcjbtmlm
4629
49
3xznljnjz4ms3seven
3xznljnjz4ms37
3437
37
8892
8892
82
3jrzlmpnxhfivefivetwoseven7
3jrzlmpnxh5fivetwoseven7
3jrzlmpnxh55twoseven7
3jrzlmpnxh552seven7
3jrzlmpnxh55277
355277
37
onethreetjpmpvpr6threethreeone
1threetjpmpvpr6threethreeone
13tjpmpvpr6threethreeone
13tjpmpvpr63threeone
13tjpmpvpr633one
13tjpmpvpr6331
136331
11
one5thcfourndbphpxszjmt7eightwof
15thcfourndbphpxszjmt7eightwof
15thc4ndbphpxszjmt7eightwof
15thc4ndbphpxszjmt78wof
15478
18
r5s
5
55
fmjzjqlnhxqhvbdvdfbdnb4
4
44
nine9mrqdgnkc
99mrqdgnkc
99
99
nm5jxpjgsm31stkvxjseven5
nm5jxpjgsm31stkvxj75
53175
55
hplgpfrtlb8dgsbbljfdgknfvqbonexbcddflz
hplgpfrtlb8dgsbbljfdgknfvqb1xbcddflz
81
81
4bmfrjvj81vvnztchfrjfive
4bmfrjvj81vvnztchfrj5
4815
45
xvvb2nfqxdmpzjvrbmvvtmc16
216
26
txrfivecjq6hlgjbvzp3threefourone
txr5cjq6hlgjbvzp3threefourone
txr5cjq6hlgjbvzp33fourone
txr5cjq6hlgjbvzp334one
txr5cjq6hlgjbvzp3341
563341
51
sixlthreeeightn9hqmxhxfjrb15
6lthreeeightn9hqmxhxfjrb15
6l3eightn9hqmxhxfjrb15
6l38n9hqmxhxfjrb15
638915
65
six6eightone3
66eightone3
668one3
66813
66813
63
9six7
967
967
97
nineoneseven2eightbr5nine
9oneseven2eightbr5nine
91seven2eightbr5nine
9172eightbr5nine
91728br5nine
91728br59
9172859
99
sixqqdsdmtkgkfq9
6qqdsdmtkgkfq9
69
69
3fivefiveffive
35fiveffive
355ffive
355f5
3555
35
8eightfive2six
88five2six
8852six
88526
88526
86
7rnlhrhlfive
7rnlhrhl5
75
75
kvkrxgkk6one2ninermqtpbbnmpdpjxc
kvkrxgkk612ninermqtpbbnmpdpjxc
kvkrxgkk6129rmqtpbbnmpdpjxc
6129
69
nhltwonesix3five3two45sixk
nhl2nesix3five3two45sixk
nhl2ne63five3two45sixk
nhl2ne6353two45sixk
nhl2ne6353245sixk
nhl2ne63532456k
263532456
26
eightsmjnzfzjk8
8smjnzfzjk8
88
88
sixhxsprkfour5b9
6hxsprkfour5b9
6hxsprk45b9
6459
69
vkvhvhrvbnvz7rg944
7944
74
ccvzjppvjtthreetwoqdc4eight
ccvzjppvjt3twoqdc4eight
ccvzjppvjt32qdc4eight
ccvzjppvjt32qdc48
3248
38
threefive9qlg3hkhvrbdxzdthree11
3five9qlg3hkhvrbdxzdthree11
359qlg3hkhvrbdxzdthree11
359qlg3hkhvrbdxzd311
3593311
31
onesevenczvffoureight28
1sevenczvffoureight28
17czvffoureight28
17czvf4eight28
17czvf4828
174828
18
three39jddkzzjninetwo5
339jddkzzjninetwo5
339jddkzzj9two5
339jddkzzj925
339925
35
63nine3sixlqnbtrq7jctmgdmk
6393sixlqnbtrq7jctmgdmk
63936lqnbtrq7jctmgdmk
639367
67
zxsqngxxfd9rvjjt14978five
zxsqngxxfd9rvjjt149785
9149785
95
9983eight
99838
99838
98
sevenddfpzjp3skz
7ddfpzjp3skz
73
73
bzdpg73eight71ppzkeight3
bzdpg73871ppzkeight3
bzdpg73871ppzk83
7387183
73
onevphctjs4
1vphctjs4
14
14
twofive2jxsthree8sixqeightwozrv
2five2jxsthree8sixqeightwozrv
252jxsthree8sixqeightwozrv
252jxs38sixqeightwozrv
252jxs386qeightwozrv
252jxs386q8wozrv
2523868
28
6klpdhhsdng
6
66
thxtwonefive57rpseven2
thx2nefive57rpseven2
thx2ne557rpseven2
thx2ne557rp72
255772
22
qtcdgdfj77sixrhtczdcbp3
qtcdgdfj776rhtczdcbp3
7763
73
seventhree47
7three47
7347
7347
77
threekjqqht883
3kjqqht883
3883
33
two3jfgsdnqbxcbzjtteight
23jfgsdnqbxcbzjtteight
23jfgsdnqbxcbzjtt8
238
28
5zcpgcgsixdskfszmmq9hxtknineqmhg8
5zcpgcg6dskfszmmq9hxtknineqmhg8
5zcpgcg6dskfszmmq9hxtk9qmhg8
56998
58
snjs1lxkpbk5
15
15
seventwo7bknk9
7two7bknk9
727bknk9
7279
79
rstbvlzlk1tpqjsjmhgdcvpfdqzl2bcbtn
12
12
3eight4six2
384six2
38462
38462
32
twonine8xkqp3eightgheightxplcqbvppj
2nine8xkqp3eightgheightxplcqbvppj
298xkqp3eightgheightxplcqbvppj
298xkqp38gheightxplcqbvppj
298xkqp38gh8xplcqbvppj
298388
28
ninevkrvzvseven6eightcmmvgzb
9vkrvzvseven6eightcmmvgzb
9vkrvzv76eightcmmvgzb
9vkrvzv768cmmvgzb
9768
98
77n7fourthreecrcq
77n74threecrcq
77n743crcq
77743
73
xlvszfhhffhmvxfour8skpvl
xlvszfhhffhmvx48skpvl
48
48
9nine3kfhgngkd1
993kfhgngkd1
9931
91
sevenfivesxdxhtkmeight4
7fivesxdxhtkmeight4
75sxdxhtkmeight4
75sxdxhtkm84
7584
74
28four92
28492
28492
22
mjzm465qffive9
mjzm465qf59
46559
49
dqlghfxbkfourfivegfkmgmdgzxtm1
dqlghfxbk4fivegfkmgmdgzxtm1
dqlghfxbk45gfkmgmdgzxtm1
451
41
six13lrc
613lrc
613
63
8qbvnhbplbl6
86
86
13lmgbfsgnxone1
13lmgbfsgnx11
1311
11
ttdznnjsgjtwo5
ttdznnjsgj25
25
25
eightfourtwotwoltjxfourone3
8fourtwotwoltjxfourone3
84twotwoltjxfourone3
842twoltjxfourone3
8422ltjxfourone3
8422ltjx4one3
8422ltjx413
8422413
83
8threethreeeighthbbxfbmpj611
83threeeighthbbxfbmpj611
833eighthbbxfbmpj611
8338hbbxfbmpj611
8338611
81
ninekpjcrvlqbmsixseven5four
9kpjcrvlqbmsixseven5four
9kpjcrvlqbm6seven5four
9kpjcrvlqbm675four
9kpjcrvlqbm6754
96754
94
8jmgspsevenfour7
8jmgsp7four7
8jmgsp747
8747
87
6nineone5hthbrbsjrhbnn2
69one5hthbrbsjrhbnn2
6915hthbrbsjrhbnn2
69152
62
ninezzdlfiveseven4
9zzdlfiveseven4
9zzdl5seven4
9zzdl574
9574
94
fhrxvsevenlvnztq4one
fhrxv7lvnztq4one
fhrxv7lvnztq41
741
71
cvmlmzz8njtfztfzfoneonejbckeight6
cvmlmzz8njtfztfzf1onejbckeight6
cvmlmzz8njtfztfzf11jbckeight6
cvmlmzz8njtfztfzf11jbck86
81186
86
ninexdgtgjjnrb1hrhjvchm
9xdgtgjjnrb1hrhjvchm
91
91
63gqjvjtmzgkpbfthreesix
63gqjvjtmzgkpbf3six
63gqjvjtmzgkpbf36
6336
66
fkstfchxcbrkfivemzhfdhsffd4mnbbmgprxcgmsl
fkstfchxcbrk5mzhfdhsffd4mnbbmgprxcgmsl
54
54
87rslqkvbzncfxddt
87
87
7fiveeightxqjhdkbbgdjksn
75eightxqjhdkbbgdjksn
758xqjhdkbbgdjksn
758
78
four375
4375
4375
45
sixftdrnbzq84688three
6ftdrnbzq84688three
6ftdrnbzq846883
6846883
63
eightseven8kqdcbgtmvlsvxx24fqrfp
8seven8kqdcbgtmvlsvxx24fqrfp
878kqdcbgtmvlsvxx24fqrfp
87824
84
four7vprrmq91
47vprrmq91
4791
41
six85ndzvnplxhkmrjftsixeight
685ndzvnplxhkmrjftsixeight
685ndzvnplxhkmrjft6eight
685ndzvnplxhkmrjft68
68568
68
5twofourzfdxbffive
52fourzfdxbffive
524zfdxbffive
524zfdxbf5
5245
55
4jbvmpnqcpbdfrkzone9ndcxtgsfive
4jbvmpnqcpbdfrkz19ndcxtgsfive
4jbvmpnqcpbdfrkz19ndcxtgs5
4195
45
nine3jzpsrhb
93jzpsrhb
93
93
nine6cpqsfour
96cpqsfour
96cpqs4
964
94
78kzczxbcthreesixxtdkflhzfour5
78kzczxbc3sixxtdkflhzfour5
78kzczxbc36xtdkflhzfour5
78kzczxbc36xtdkflhz45
783645
75
14sixsevennzgfnmppnmcddd9six
146sevennzgfnmppnmcddd9six
1467nzgfnmppnmcddd9six
1467nzgfnmppnmcddd96
146796
16
fourncvgmhfl2fivefnlndmj
4ncvgmhfl2fivefnlndmj
4ncvgmhfl25fnlndmj
425
45
rzgqvdgksz6six
rzgqvdgksz66
66
66
23seven2rhlv5
2372rhlv5
23725
25
9xlnnvnvccj
9
99
3fivethreembplpfdjnineseven2
35threembplpfdjnineseven2
353mbplpfdjnineseven2
353mbplpfdj9seven2
353mbplpfdj972
353972
32
jk1
1
11
3threevgklhnnnccrmone2
33vgklhnnnccrmone2
33vgklhnnnccrm12
3312
32
threefourfive4
3fourfive4
34five4
3454
3454
34
qtpbdrsix67threekslkmqt
qtpbdr667threekslkmqt
qtpbdr6673kslkmqt
6673
63
five3ghvqnrhtbqnvtmdlnine
53ghvqnrhtbqnvtmdlnine
53ghvqnrhtbqnvtmdl9
539
59
84lvnfx9nine
84lvnfx99
8499
89
nine7onethree46
97onethree46
971three46
971346
971346
96
vtshvtcch5kxkzgkfourrtmbq
vtshvtcch5kxkzgk4rtmbq
54
54
5czsbzl3threeeighttwo
5czsbzl33eighttwo
5czsbzl338two
5czsbzl3382
53382
52
38nine
389
389
39
twovcxn9sixklflgptlkt
2vcxn9sixklflgptlkt
2vcxn96klflgptlkt
296
26
fcjpjrxdleight87
fcjpjrxdl887
887
87
cfn6
6
66
sixfourtpzpnsvghlqp3ssptlls
6fourtpzpnsvghlqp3ssptlls
64tpzpnsvghlqp3ssptlls
643
63
trsjxmzvhxgvtzrhxqbb66nfp1knf
661
61
twosevenmdmmcjjgxj96qxrqqteight
2sevenmdmmcjjgxj96qxrqqteight
27mdmmcjjgxj96qxrqqteight
27mdmmcjjgxj96qxrqqt8
27968
28
sfcpfs9dpkvxrmjfiveseven
sfcpfs9dpkvxrmj5seven
sfcpfs9dpkvxrmj57
957
97
6dblskzfsrpcnszqtwo9rgrdkjshb5three
6dblskzfsrpcnszq29rgrdkjshb5three
6dblskzfsrpcnszq29rgrdkjshb53
62953
63
5fourfsblzr3onesix
54fsblzr3onesix
54fsblzr31six
54fsblzr316
54316
56
gcxsc9
9
99
txjtwone12
txj2ne12
212
22
twovpgthxxrpsevenqxpmlbrr3three5
2vpgthxxrpsevenqxpmlbrr3three5
2vpgthxxrp7qxpmlbrr3three5
2vpgthxxrp7qxpmlbrr335
27335
25
csqkgmzl93xrxjs64gptsix
csqkgmzl93xrxjs64gpt6
93646
96
33qjjzgjtrsflgpr6
336
36
twoeightseven6zdtdltvzsxvlgsevensixpmxlfrb
2eightseven6zdtdltvzsxvlgsevensixpmxlfrb
28seven6zdtdltvzsxvlgsevensixpmxlfrb
2876zdtdltvzsxvlgsevensixpmxlfrb
2876zdtdltvzsxvlg7sixpmxlfrb
2876zdtdltvzsxvlg76pmxlfrb
287676
26
gjnvdxbveightone8two
gjnvdxbv8one8two
gjnvdxbv818two
gjnvdxbv8182
8182
82
24vjdfhninezfvlgrdvsh8
24vjdfh9zfvlgrdvsh8
2498
28
ninehn1685nineone
9hn1685nineone
9hn16859one
9hn168591
9168591
91
twoonegsix4threeninezrsnvrltqlms
2onegsix4threeninezrsnvrltqlms
21gsix4threeninezrsnvrltqlms
21g64threeninezrsnvrltqlms
21g643ninezrsnvrltqlms
21g6439zrsnvrltqlms
216439
29
5cdfdldjxddrjhncxtsndl8
58
58
1mqg3nspfxnkfoursix9nine
1mqg3nspfxnk4six9nine
1mqg3nspfxnk469nine
1mqg3nspfxnk4699
134699
19
1tfcrfpqmk1stfrrnrz
11
11
721dgsmsixjtxcxmj4jhkdsfj
721dgsm6jtxcxmj4jhkdsfj
72164
74
9plbxnrnlgsvtshfgzbkfive5qfbzgrxzk
9plbxnrnlgsvtshfgzbk55qfbzgrxzk
955
95
fourgjdt2
4gjdt2
42
42
ninethreeqqxrjjgskm1fourseven6
9threeqqxrjjgskm1fourseven6
93qqxrjjgskm1fourseven6
93qqxrjjgskm14seven6
93qqxrjjgskm1476
931476
96
rbrr1
1
11
threekrslrrqngjtwo6
3krslrrqngjtwo6
3krslrrqngj26
326
36
llkbxgqp2cmnmgdfgrcshlmseightgjzs
llkbxgqp2cmnmgdfgrcshlms8gjzs
28
28
66sixeightthree
666eightthree
6668three
66683
66683
63
64vdnrrqfxonespgfhzdcdrbrqone
64vdnrrqfx1spgfhzdcdrbrqone
64vdnrrqfx1spgfhzdcdrbrq1
6411
61
threervnhkgdg7oneeight
3rvnhkgdg7oneeight
3rvnhkgdg71eight
3rvnhkgdg718
3718
38
nkbrvsvlzkonermsvxh65dlvxbxvlnq8
nkbrvsvlzk1rmsvxh65dlvxbxvlnq8
1658
18
twozbkclqppd9txxzbvfppz3
2zbkclqppd9txxzbvfppz3
293
23
two9nine
29nine
299
299
29
7vnlqfgxlmninek2two
7vnlqfgxlm9k2two
7vnlqfgxlm9k22
7922
72
qjzggvqj1ninefourrc2szbmczr
qjzggvqj19fourrc2szbmczr
qjzggvqj194rc2szbmczr
1942
12
seven6kfkkm7
76kfkkm7
767
77
nqlgfzmdfsevenshvcnxdjvxveightfour9
nqlgfzmdf7shvcnxdjvxveightfour9
nqlgfzmdf7shvcnxdjvxv8four9
nqlgfzmdf7shvcnxdjvxv849
7849
79
seventdrqkrxkeight75qjfbb44
7tdrqkrxkeight75qjfbb44
7tdrqkrxk875qjfbb44
787544
74
four3cxhlvthree3tcvrzk
43cxhlvthree3tcvrzk
43cxhlv33tcvrzk
4333
43
six5seven2
65seven2
6572
6572
62
3ninehcsjfstwo5xsgmkz6
39hcsjfstwo5xsgmkz6
39hcsjfs25xsgmkz6
39256
36
3fourlnthree1fourseven
34lnthree1fourseven
34ln31fourseven
34ln314seven
34ln3147
343147
37
lsxzsskbsqmeightcrddxvxk93fivevfshztv
lsxzsskbsqm8crddxvxk93fivevfshztv
lsxzsskbsqm8crddxvxk935vfshztv
8935
85
nxqxrsevenl3eight
nxqxr7l3eight
nxqxr7l38
738
78
239fourjcrffkeightfivezmfsvqvpz2
2394jcrffkeightfivezmfsvqvpz2
2394jcrffk8fivezmfsvqvpz2
2394jcrffk85zmfsvqvpz2
2394852
22
hprcp6
6
66
rklbzvhll4nstdjb7fourthreeonefour
rklbzvhll4nstdjb74threeonefour
rklbzvhll4nstdjb743onefour
rklbzvhll4nstdjb7431four
rklbzvhll4nstdjb74314
474314
44
9jlnthv
9
99
65six4dvtftwo
6564dvtftwo
6564dvtf2
65642
62
nine5five3kqvrs183
95five3kqvrs183
9553kqvrs183
9553183
93
sixrgtckzc7nmczdx8three2
6rgtckzc7nmczdx8three2
6rgtckzc7nmczdx832
67832
62
4six61pzjhnhpbnmsq
4661pzjhnhpbnmsq
4661
41
1fivembsixsevenddmrlkfour1
15mbsixsevenddmrlkfour1
15mb6sevenddmrlkfour1
15mb67ddmrlkfour1
15mb67ddmrlk41
156741
11
qhgxrbnfc8one2vxc
qhgxrbnfc812vxc
812
82
rdsttzt1sixonefive
rdsttzt16onefive
rdsttzt161five
rdsttzt1615
1615
15
lsdoneight5pmlztbkvzffourfour7
lsd1ight5pmlztbkvzffourfour7
lsd1ight5pmlztbkvzf4four7
lsd1ight5pmlztbkvzf447
15447
17
7g3
73
73
3sevenlnjfvms9two
37lnjfvms9two
37lnjfvms92
3792
32
dclkonefour5
dclk1four5
dclk145
145
15
tskeightwo9one25ddmdmkqrpffoureight2
tsk8wo9one25ddmdmkqrpffoureight2
tsk8wo9125ddmdmkqrpffoureight2
tsk8wo9125ddmdmkqrpf4eight2
tsk8wo9125ddmdmkqrpf482
89125482
82
rmkqgbh1slrtshgkgbdsftvbgm4
14
14
qkhxmpfzf51
51
51
648
648
68
three4gfnxzrs2
34gfnxzrs2
342
32
hmcskdltfourllp7sixfiveszgnfbpjt
hmcskdlt4llp7sixfiveszgnfbpjt
hmcskdlt4llp76fiveszgnfbpjt
hmcskdlt4llp765szgnfbpjt
4765
45
hf27ninep1fqdbglxngkf7
hf279p1fqdbglxngkf7
27917
27
seven6bfhtdztzvqhqnj2xfxchxpfc9
76bfhtdztzvqhqnj2xfxchxpfc9
7629
79
8vfksvbfive9lxjhcfive
8vfksvb59lxjhcfive
8vfksvb59lxjhc5
8595
85
626txvseventwo
626txv7two
626txv72
62672
62
1bgzkmzx1
11
11
nineeightlzv2l
9eightlzv2l
98lzv2l
982
92
8ninetwo68twohhntdvjpzfone
89two68twohhntdvjpzfone
89268twohhntdvjpzfone
892682hhntdvjpzfone
892682hhntdvjpzf1
8926821
81
jsjfive535fdfnj3
jsj5535fdfnj3
55353
53
fnzrsevenhcgzccslt92twonine71
fnzr7hcgzccslt92twonine71
fnzr7hcgzccslt922nine71
fnzr7hcgzccslt922971
7922971
71
4twothreemx
42threemx
423mx
423
43
6vbtgjssfoneqpsrdfrbcgmrfckfourpzdlb
6vbtgjssf1qpsrdfrbcgmrfckfourpzdlb
6vbtgjssf1qpsrdfrbcgmrfck4pzdlb
614
64
91svfsxrseight
91svfsxrs8
918
98
nzmnpbdqjdh2four
nzmnpbdqjdh24
24
24
blqjhjxplrxsevenonefive13
blqjhjxplrx7onefive13
blqjhjxplrx71five13
blqjhjxplrx71513
71513
73
fivef11gtdpgbdrxnbtrfqxfb7r
5f11gtdpgbdrxnbtrfqxfb7r
5117
57
l5fivethreenine
l55threenine
l553nine
l5539
5539
59
oneffcdpqmvpcdcn6six944
1ffcdpqmvpcdcn6six944
1ffcdpqmvpcdcn66944
166944
14
4mmfjltf7
47
47
29threenine26
293nine26
293926
293926
26
8zrthtv56
856
86
c21hxksz
21
21
nqcbjkb7
7
77
fourxtkrn7bvpbqtcg78
4xtkrn7bvpbqtcg78
4778
48
qjvmvzbkxlseven756
qjvmvzbkxl7756
7756
76
6g31dk1mnsgxhbdvndjgvsjr
6311
61
73eight
738
738
78
61jlzgrrpkvgdpjzbbqkxp
61
61
3368nineeightwodzl
33689eightwodzl
336898wodzl
336898
38
9tlqcrxsix7
9tlqcrx67
967
97
cmrrnf8five1
cmrrnf851
851
81
4three72
4372
4372
42
hhcghmtvznine6nineseventwo
hhcghmtvz96nineseventwo
hhcghmtvz969seventwo
hhcghmtvz9697two
hhcghmtvz96972
96972
92
22tvjnfvzshdtpxzxrnzvtwo
22tvjnfvzshdtpxzxrnzv2
222
22
8threeqlkxrkfsevenfivegxmbhqg
83qlkxrkfsevenfivegxmbhqg
83qlkxrkf7fivegxmbhqg
83qlkxrkf75gxmbhqg
8375
85
5mzzsldbk7ninefourjfjv
5mzzsldbk79fourjfjv
5mzzsldbk794jfjv
5794
54
rloneightcjhxsstwotwombktzlkdxtwo8
rl1ightcjhxsstwotwombktzlkdxtwo8
rl1ightcjhxss2twombktzlkdxtwo8
rl1ightcjhxss22mbktzlkdxtwo8
rl1ightcjhxss22mbktzlkdx28
12228
18
three92nine1sixeightwof
392nine1sixeightwof
39291sixeightwof
392916eightwof
3929168wof
3929168
38
drxgb14twoone
drxgb142one
drxgb1421
1421
11
7one7seven258nineoneighthkd
717seven258nineoneighthkd
7177258nineoneighthkd
71772589oneighthkd
717725891ighthkd
717725891
71
4four4sixninem
444sixninem
4446ninem
44469m
44469
49
fivejkjpdbfpsttjnpkv4one8phckjllc
5jkjpdbfpsttjnpkv4one8phckjllc
5jkjpdbfpsttjnpkv418phckjllc
5418
58
5bmeighteightgkjfkjthree
5bm8eightgkjfkjthree
5bm88gkjfkjthree
5bm88gkjfkj3
5883
53
98lkzpdnvs7chnmkxzql
987
97
twosix2two15xzkpmctwo
2six2two15xzkpmctwo
262two15xzkpmctwo
262215xzkpmctwo
262215xzkpmc2
2622152
22
951
951
91
four481six
4481six
44816
44816
46
3tdvlonefiveone
3tdvl1fiveone
3tdvl15one
3tdvl151
3151
31
88fourgktxksmhninecfpljsix
884gktxksmhninecfpljsix
884gktxksmh9cfpljsix
884gktxksmh9cfplj6
88496
86
cphlzlx45fourxjphtthree
cphlzlx454xjphtthree
cphlzlx454xjpht3
4543
43
6eight4gfjjdvslqv1six1kxlmn2eightwof
684gfjjdvslqv1six1kxlmn2eightwof
684gfjjdvslqv161kxlmn2eightwof
684gfjjdvslqv161kxlmn28wof
68416128
68
5vxrzxgdpg7vrsrxrrhncfour
5vxrzxgdpg7vrsrxrrhnc4
574
54
5threethreemrzfbjq
53threemrzfbjq
533mrzfbjq
533
53
ninecsg9lseven828bjttzx
9csg9lseven828bjttzx
9csg9l7828bjttzx
997828
98
5kqnine
5kq9
59
59
fivetdhxq39
5tdhxq39
539
59
rcvlsix6pqzsggz59
rcvl66pqzsggz59
6659
69
47fnrs
47
47
724onesixtwo
7241sixtwo
72416two
724162
724162
72
tdbb7
7
77
sevenseven4
7seven4
774
774
74
two7mlzgdqthree
27mlzgdqthree
27mlzgdq3
273
23
2gxzbnlrglnvmqmzbznfngxfeightnrcrqsjnftfourone
2gxzbnlrglnvmqmzbznfngxf8nrcrqsjnftfourone
2gxzbnlrglnvmqmzbznfngxf8nrcrqsjnft4one
2gxzbnlrglnvmqmzbznfngxf8nrcrqsjnft41
2841
21
fivetwovsbvrfour2ndmltmprsqkbbztwo
5twovsbvrfour2ndmltmprsqkbbztwo
52vsbvrfour2ndmltmprsqkbbztwo
52vsbvr42ndmltmprsqkbbztwo
52vsbvr42ndmltmprsqkbbz2
52422
52
j3twoc6mmzt
j32c6mmzt
326
36
six47nine6tkpjleightwopzf
647nine6tkpjleightwopzf
64796tkpjleightwopzf
64796tkpjl8wopzf
647968
68
sevenmshrczkdqfiverkmhlqjzqqhgppbsm58
7mshrczkdqfiverkmhlqjzqqhgppbsm58
7mshrczkdq5rkmhlqjzqqhgppbsm58
7558
78
pkbgvlvzckvone26rfqbmtwo6
pkbgvlvzckv126rfqbmtwo6
pkbgvlvzckv126rfqbm26
12626
16
sr9qsxjnine9zbc6three
sr9qsxj99zbc6three
sr9qsxj99zbc63
99963
93
eight4qxlmtwo27threesix6
84qxlmtwo27threesix6
84qxlm227threesix6
84qxlm2273six6
84qxlm227366
84227366
86
fourone417oneone
4one417oneone
41417oneone
414171one
4141711
4141711
41
6fpvfbrrtwoeight
6fpvfbrr2eight
6fpvfbrr28
628
68
79rj4eight88
79rj4888
794888
78
6vhfivevrj
6vh5vrj
65
65
7tmqhchfive6jxgmqcfmq59eight
7tmqhch56jxgmqcfmq59eight
7tmqhch56jxgmqcfmq598
756598
78
threeone3xqcrjzszhseven2csbflgnds
3one3xqcrjzszhseven2csbflgnds
313xqcrjzszhseven2csbflgnds
313xqcrjzszh72csbflgnds
31372
32
1qsxxxmsknhseven3nine
1qsxxxmsknh73nine
1qsxxxmsknh739
1739
19
fivemqxjlggcnsngflb5qtshllseven1onefive
5mqxjlggcnsngflb5qtshllseven1onefive
5mqxjlggcnsngflb5qtshll71onefive
5mqxjlggcnsngflb5qtshll711five
5mqxjlggcnsngflb5qtshll7115
557115
55
7476qfcmqqbfhvrvksfztskmzgvjjsrsc
7476
76
twosxlbrgdtptwo16
2sxlbrgdtptwo16
2sxlbrgdtp216
2216
26
kffmtjnjjk2fourtgv6rvsrzcvdrklplndseven
kffmtjnjjk24tgv6rvsrzcvdrklplndseven
kffmtjnjjk24tgv6rvsrzcvdrklplnd7
2467
27
eightzhrfgpjfqgccn2khrfdzfour28
8zhrfgpjfqgccn2khrfdzfour28
8zhrfgpjfqgccn2khrfdz428
82428
88
ninetwoxvnhfdjsxslone4four
9twoxvnhfdjsxslone4four
92xvnhfdjsxslone4four
92xvnhfdjsxsl14four
92xvnhfdjsxsl144
92144
94
92nine48b
92948b
92948
98
ptwonefourclthree56
p2nefourclthree56
p2ne4clthree56
p2ne4cl356
24356
26
hshqjfknineeightlkdxvxcsljfptlbb6kt
hshqjfk9eightlkdxvxcsljfptlbb6kt
hshqjfk98lkdxvxcsljfptlbb6kt
986
96
fxjbr1four
fxjbr14
14
14
nine36gqbt6
936gqbt6
9366
96
nsbcvzninebvlpvlx1three
nsbcvz9bvlpvlx1three
nsbcvz9bvlpvlx13
913
93
1ltlxzlmzxhjlfvtnrrpdk
1
11
3jpqgspseven5qm
3jpqgsp75qm
375
35
553npbeightxf
553npb8xf
5538
58
fourbspjfbxk4
4bspjfbxk4
44
44
238
238
28
xjrsdsvgncxddpmj3tlqone89
xjrsdsvgncxddpmj3tlq189
3189
39
68bkvsslntwo
68bkvssln2
682
62
dxcmpjfprnthree98sbh
dxcmpjfprn398sbh
398
38
reightwoeightseven76xqfhvbkfouronegkrfvdzzdx
r8woeightseven76xqfhvbkfouronegkrfvdzzdx
r8wo8seven76xqfhvbkfouronegkrfvdzzdx
r8wo8776xqfhvbkfouronegkrfvdzzdx
r8wo8776xqfhvbk4onegkrfvdzzdx
r8wo8776xqfhvbk41gkrfvdzzdx
8877641
81
9lfpjff
9
99
gcvs5
5
55
hnctpgpxdlvklfsdfour2hnvtklhgqxhjpzknine
hnctpgpxdlvklfsd42hnvtklhgqxhjpzknine
hnctpgpxdlvklfsd42hnvtklhgqxhjpzk9
429
49
ceightwoninefivetwo9plndfive4
c8woninefivetwo9plndfive4
c8wo9fivetwo9plndfive4
c8wo95two9plndfive4
c8wo9529plndfive4
c8wo9529plnd54
8952954
84
pjnzdrhtddjgllbf9f25eightb
pjnzdrhtddjgllbf9f258b
9258
98
fpsdpfl8cnhkjtzhfbhdftkvm
8
88
3cqqkflmjmpfmkk79lvkjljd71
37971
31
bfpfmkjpnkgspsz7nine
bfpfmkjpnkgspsz79
79
79
threethreetmpntmpg3lfzzsrzr36plfvxv
3threetmpntmpg3lfzzsrzr36plfvxv
33tmpntmpg3lfzzsrzr36plfvxv
33336
36
nvssix83
nvs683
683
63
dznrcvvgb8
8
88
csrffxrtvmpfgbkcmmdlzxneightzvfgxdpljpcnrcn5
csrffxrtvmpfgbkcmmdlzxn8zvfgxdpljpcnrcn5
85
85
9sixtxxthree
96txxthree
96txx3
963
93
seveneight2kpzpvvtzq8
7eight2kpzpvvtzq8
782kpzpvvtzq8
7828
78
jbmmeighttwo12seven96bcvcs
jbmm8two12seven96bcvcs
jbmm8212seven96bcvcs
jbmm8212796bcvcs
8212796
86
b68pvjcsnine8
b68pvjcs98
6898
68
4vphtk7
47
47
mxmjvnbqseven2
mxmjvnbq72
72
72
3two2foureightxvvtxpcdmsdzvkg2mthmx
322foureightxvvtxpcdmsdzvkg2mthmx
3224eightxvvtxpcdmsdzvkg2mthmx
32248xvvtxpcdmsdzvkg2mthmx
322482
32
cxslpdtnnx5five65
cxslpdtnnx5565
5565
55
97mp3qbkxmhl5dkphzgmpg5
97355
95
7f11sixcnrqone
7f116cnrqone
7f116cnrq1
71161
71
8fxjdjxc6drjxnhptdeightseven1six
8fxjdjxc6drjxnhptd8seven1six
8fxjdjxc6drjxnhptd871six
8fxjdjxc6drjxnhptd8716
868716
86
sixffvgcsfourhmnrf8
6ffvgcsfourhmnrf8
6ffvgcs4hmnrf8
648
68
qtpjrmlgnlkbbbr7sjcpm91five3
qtpjrmlgnlkbbbr7sjcpm9153
79153
73
5pqv69one
5pqv691
5691
51
eightnine8
8nine8
898
898
88
1three8
138
138
18
39cspknxbsjhtfourpcbqsvlgz
39cspknxbsjht4pcbqsvlgz
394
34
5nine15
5915
5915
55
zgjgjfcdphnqqv4eightsixsevenkv
zgjgjfcdphnqqv48sixsevenkv
zgjgjfcdphnqqv486sevenkv
zgjgjfcdphnqqv4867kv
4867
47
6ggfxblx47nine2onenine
6ggfxblx4792onenine
6ggfxblx47921nine
6ggfxblx479219
6479219
69
1twoone2xfxfcr5
12one2xfxfcr5
1212xfxfcr5
12125
15
sjvpxd7ncpclnc57one1
sjvpxd7ncpclnc5711
75711
71
4sixdgone
46dgone
46dg1
461
41
89ptctqvnpg
89
89
threefour1four4
3four1four4
341four4
34144
34144
34
8seven5pfeightfive8hclpxjgftc3
875pfeightfive8hclpxjgftc3
875pf8five8hclpxjgftc3
875pf858hclpxjgftc3
8758583
83
mznfsbmdtltwoqlf9
mznfsbmdtl2qlf9
29
29
425
425
45
n51891
51891
51
one5l
15l
15
15
8ninefive2jhhbnjsvdqtlmsjgshvlvlh
89five2jhhbnjsvdqtlmsjgshvlvlh
8952jhhbnjsvdqtlmsjgshvlvlh
8952
82
58ggdlkpcmkgeight2vcprcttwo
58ggdlkpcmkg82vcprcttwo
58ggdlkpcmkg82vcprct2
58822
52
twoseven3eightfivesevend
2seven3eightfivesevend
273eightfivesevend
2738fivesevend
27385sevend
273857d
273857
27
krrzfivexrmvdtbr1zvqpmthreeonenqnmx
krrz5xrmvdtbr1zvqpmthreeonenqnmx
krrz5xrmvdtbr1zvqpm3onenqnmx
krrz5xrmvdtbr1zvqpm31nqnmx
5131
51
2sixhjpxptnthreezkfsix
26hjpxptnthreezkfsix
26hjpxptn3zkfsix
26hjpxptn3zkf6
2636
26
jchkkkgrdmkvdgksevensevenfour8five6
jchkkkgrdmkvdgk7sevenfour8five6
jchkkkgrdmkvdgk77four8five6
jchkkkgrdmkvdgk7748five6
jchkkkgrdmkvdgk774856
774856
76
1tzbzthree
1tzbz3
13
13
xkone7zvgtv5qvln
xk17zvgtv5qvln
175
15
6fivetwohjblzsixnine
65twohjblzsixnine
652hjblzsixnine
652hjblz6nine
652hjblz69
65269
69
onelpgkpggl9nsdxtgh4tgjfgpcsn3
1lpgkpggl9nsdxtgh4tgjfgpcsn3
1943
13
bjdxc7krrt16xbgvl
716
76
sevenrpftshchmkkflxseven4eightsix
7rpftshchmkkflxseven4eightsix
7rpftshchmkkflx74eightsix
7rpftshchmkkflx748six
7rpftshchmkkflx7486
77486
76
groneightfftfvk6
gr1ightfftfvk6
16
16
hrcshqtxpqgxeightsix1xxxrczpcr
hrcshqtxpqgx8six1xxxrczpcr
hrcshqtxpqgx861xxxrczpcr
861
81
foureightthree9sdffivebdtrng
4eightthree9sdffivebdtrng
48three9sdffivebdtrng
4839sdffivebdtrng
4839sdf5bdtrng
48395
45
ninefourthree9eighttwonine7xjrsm
9fourthree9eighttwonine7xjrsm
94three9eighttwonine7xjrsm
9439eighttwonine7xjrsm
94398twonine7xjrsm
943982nine7xjrsm
94398297xjrsm
94398297
97
fivefour64
5four64
5464
5464
54
51onefivetkcdbbslzmeighttwo8
511fivetkcdbbslzmeighttwo8
5115tkcdbbslzmeighttwo8
5115tkcdbbslzm8two8
5115tkcdbbslzm828
5115828
58
4rssgjpzgnczqtdrfivesix7bjxslhzthreefive
4rssgjpzgnczqtdr5six7bjxslhzthreefive
4rssgjpzgnczqtdr567bjxslhzthreefive
4rssgjpzgnczqtdr567bjxslhz3five
4rssgjpzgnczqtdr567bjxslhz35
456735
45
5kgkv7ninethree
5kgkv79three
5kgkv793
5793
53
84ninepsbvzkgrvqpzmtqgmcxpvgfbffns
849psbvzkgrvqpzmtqgmcxpvgfbffns
849
89
fourrvdzsntddfoursevenqq54lgdrtdcq
4rvdzsntddfoursevenqq54lgdrtdcq
4rvdzsntdd4sevenqq54lgdrtdcq
4rvdzsntdd47qq54lgdrtdcq
44754
44
4nineeightfdh
49eightfdh
498fdh
498
48
9twoonefour2kmnb9
92onefour2kmnb9
921four2kmnb9
92142kmnb9
921429
99
qcvmnq13tsptksgmqj8
138
18
113twonine4zjsbtjkpbdsix
1132nine4zjsbtjkpbdsix
113294zjsbtjkpbdsix
113294zjsbtjkpbd6
1132946
16
sevencvnineq6jvnshmg
7cvnineq6jvnshmg
7cv9q6jvnshmg
796
76
pjhmbnjqflvp452sevenfive69
pjhmbnjqflvp4527five69
pjhmbnjqflvp4527569
4527569
49
2three1sixninekmfcsbsevenfive3oneightg
231sixninekmfcsbsevenfive3oneightg
2316ninekmfcsbsevenfive3oneightg
23169kmfcsbsevenfive3oneightg
23169kmfcsb7five3oneightg
23169kmfcsb753oneightg
23169kmfcsb7531ightg
231697531
21
six3six62onevrhtsskzrhtthree
63six62onevrhtsskzrhtthree
63662onevrhtsskzrhtthree
636621vrhtsskzrhtthree
636621vrhtsskzrht3
6366213
63
5bxcmdnrf1szdgfournine
5bxcmdnrf1szdg4nine
5bxcmdnrf1szdg49
5149
59
fourxdxmk6
4xdxmk6
46
46
3lsnfgffnlrqboneeight
3lsnfgffnlrqb1eight
3lsnfgffnlrqb18
318
38
9sfsv4gqhpbqg86
9486
96
two17567fournqkmh
217567fournqkmh
2175674nqkmh
2175674
24
7threesevenzgxvkhf
73sevenzgxvkhf
737zgxvkhf
737
77
vlmz7sevenfourfour8bqzdrdktklfivefq
vlmz77fourfour8bqzdrdktklfivefq
vlmz774four8bqzdrdktklfivefq
vlmz77448bqzdrdktklfivefq
vlmz77448bqzdrdktkl5fq
774485
75
xxsvcqqeight6flrffzxpfourkzfstj9
xxsvcqq86flrffzxpfourkzfstj9
xxsvcqq86flrffzxp4kzfstj9
8649
89
fourlzpdxg3knxgl
4lzpdxg3knxgl
43
43
msb246fourlc1crhlbjgdgr6
msb2464lc1crhlbjgdgr6
246416
26
1q1cmrmqponeightd
1q1cmrmqp1ightd
111
11
twoeightncz513
2eightncz513
28ncz513
28513
23
nine1nine
91nine
919
919
99
8sixonesixnine
86onesixnine
861sixnine
8616nine
86169
86169
89
193sixthree2rgthk
1936three2rgthk
193632rgthk
193632
12
tvhqp44hmjhzvmhgrbprgttgrt
44
44
52bdszlvsvgzonefiveeight
52bdszlvsvgz1fiveeight
52bdszlvsvgz15eight
52bdszlvsvgz158
52158
58
sdxnpkllmnninethree5jxsgkdbmknfrfvthree2
sdxnpkllmn9three5jxsgkdbmknfrfvthree2
sdxnpkllmn935jxsgkdbmknfrfvthree2
sdxnpkllmn935jxsgkdbmknfrfv32
93532
92
six23hdzmppf67threeseven
623hdzmppf67threeseven
623hdzmppf673seven
623hdzmppf6737
6236737
67
eight5nine76vbggdlp
85nine76vbggdlp
85976vbggdlp
85976
86
4onevrxnnbszk
41vrxnnbszk
41
41
9ninezhdsfbfive12
99zhdsfbfive12
99zhdsfb512
99512
92
sixnine5xqmkmthz
6nine5xqmkmthz
695xqmkmthz
695
65
fiveskklnrr13sevenfour3nqs1
5skklnrr13sevenfour3nqs1
5skklnrr137four3nqs1
5skklnrr13743nqs1
5137431
51
sixqcxqnjxxzqmdlqtwo83
6qcxqnjxxzqmdlqtwo83
6qcxqnjxxzqmdlq283
6283
63
8eight7
887
887
87
9psvqdzpchr
9
99
492jseven1
492j71
49271
41
xrccslcthreetsnfoursixsixsix1
xrccslc3tsnfoursixsixsix1
xrccslc3tsn4sixsixsix1
xrccslc3tsn46sixsix1
xrccslc3tsn466six1
xrccslc3tsn46661
346661
31
gskqmvnclfgxbtcq9hsix
gskqmvnclfgxbtcq9h6
96
96
5two4twofive
524twofive
5242five
52425
52425
55
sqqhrvtszzjs1vfskhsdsvvhlskn
1
11
nineseveneightcjcgnb9three3xfkst8
9seveneightcjcgnb9three3xfkst8
97eightcjcgnb9three3xfkst8
978cjcgnb9three3xfkst8
978cjcgnb933xfkst8
9789338
98
ktwone4one73
k2ne4one73
k2ne4173
24173
23
five6xncdddspkcbgklzlzn687
56xncdddspkcbgklzlzn687
56687
57
xgnlvnskgklcpdqvks2
2
22
zscmhb7mrrshccm
7
77
five8hplscnineeight
58hplscnineeight
58hplsc9eight
58hplsc98
5898
58
2hrgc86dsgjbvsrv9
2869
29
8lncmqrxcnm9ctpxjxlz8
898
88
jdqt39336
39336
36
1gntnqbstzrnine5cqlrrtfllb13kfleight
1gntnqbstzr95cqlrrtfllb13kfleight
1gntnqbstzr95cqlrrtfllb13kfl8
195138
18
3jscjlvvkd89
389
39
5nineseven66nine6twoonetwonek
59seven66nine6twoonetwonek
59766nine6twoonetwonek
5976696twoonetwonek
59766962onetwonek
597669621twonek
5976696212nek
5976696212
52
sevenxrqj4bfivesix1
7xrqj4bfivesix1
7xrqj4b5six1
7xrqj4b561
74561
71
8msix8
8m68
868
88
six6ninesevenfourbttvtt66
66ninesevenfourbttvtt66
669sevenfourbttvtt66
6697fourbttvtt66
66974bttvtt66
6697466
66
4cmvvdfdgqphjzleight
4cmvvdfdgqphjzl8
48
48
55mltlnxc4dmcrhjsjc8seven
55mltlnxc4dmcrhjsjc87
55487
57
26197jtlvpsixcmzkslvzh
26197jtlvp6cmzkslvzh
261976
26
rjzn2
2
22
krlvgxone54hdddkspmfkpnzcbtbz
krlvgx154hdddkspmfkpnzcbtbz
154
14
four2two2
42two2
4222
4222
42
one5vjjs3one6six
15vjjs3one6six
15vjjs316six
15vjjs3166
153166
16
6cmt88three
6cmt883
6883
63
reightwo7lrjqxbmgjj3seven2
r8wo7lrjqxbmgjj3seven2
r8wo7lrjqxbmgjj372
87372
82
ntrkndgqzpfkjrone9
ntrkndgqzpfkjr19
19
19
5dvktjpseightxxmbtrm
5dvktjps8xxmbtrm
58
58
four6seven9936six7
46seven9936six7
4679936six7
467993667
467993667
47
fourhqstnjbbdscjngp5fpxmg
4hqstnjbbdscjngp5fpxmg
45
45
77five
775
775
75
qrzg9five1qqcsonekgvckmmpfx6mpxd
qrzg951qqcsonekgvckmmpfx6mpxd
qrzg951qqcs1kgvckmmpfx6mpxd
95116
96
qzjqstcll7donekkpmkgpdthkjclrpth
qzjqstcll7d1kkpmkgpdthkjclrpth
71
71
14seven
147
147
17
bpbfnnq4rpppcjfeightsfcsqzg
bpbfnnq4rpppcjf8sfcsqzg
48
48
2one7eighttwo2vhzhjpgg9xhsdvlgxf
217eighttwo2vhzhjpgg9xhsdvlgxf
2178two2vhzhjpgg9xhsdvlgxf
217822vhzhjpgg9xhsdvlgxf
2178229
29
eightonepn38ztcqzbthjz8
8onepn38ztcqzbthjz8
81pn38ztcqzbthjz8
81388
88
lnsix7eightskqhrbx
ln67eightskqhrbx
ln678skqhrbx
678
68
sixvnpkpsdzsbjgjkbxreight8five4
6vnpkpsdzsbjgjkbxreight8five4
6vnpkpsdzsbjgjkbxr88five4
6vnpkpsdzsbjgjkbxr8854
68854
64
vfrvkmnvnhk5one
vfrvkmnvnhk51
51
51
eight9nine7
89nine7
8997
8997
87
oneone5
1one5
115
115
15
7584zprfmjtwo1
7584zprfmj21
758421
71
4szpqtwoflcr9bhtthreeeight5
4szpq2flcr9bhtthreeeight5
4szpq2flcr9bht3eight5
4szpq2flcr9bht385
429385
45
385
385
35
ninekdqknptxhsevenmrmjzqjvnppsrgbkv9jeight7
9kdqknptxhsevenmrmjzqjvnppsrgbkv9jeight7
9kdqknptxh7mrmjzqjvnppsrgbkv9jeight7
9kdqknptxh7mrmjzqjvnppsrgbkv9j87
97987
97
5fs1sixeightthree
5fs16eightthree
5fs168three
5fs1683
51683
53
sevenxkvxzqhckfourninetwo3eight
7xkvxzqhckfourninetwo3eight
7xkvxzqhck4ninetwo3eight
7xkvxzqhck49two3eight
7xkvxzqhck4923eight
7xkvxzqhck49238
749238
78
9eightgfjvv
98gfjvv
98
98
xh8
8
88
brbs3fiverzrtwo4jtdsvrljxone
brbs35rzrtwo4jtdsvrljxone
brbs35rzr24jtdsvrljxone
brbs35rzr24jtdsvrljx1
35241
31
qcvfnlvfivetwofourgsdlcmkb5
qcvfnlv5twofourgsdlcmkb5
qcvfnlv52fourgsdlcmkb5
qcvfnlv524gsdlcmkb5
5245
55
klnsqmblkffsq4threetwo6
klnsqmblkffsq43two6
klnsqmblkffsq4326
4326
46
nine4eightx8eightwohrk
94eightx8eightwohrk
948x8eightwohrk
948x88wohrk
94888
98
c1
1
11
sevennine55eightttlbshbfive3
7nine55eightttlbshbfive3
7955eightttlbshbfive3
79558ttlbshbfive3
79558ttlbshb53
7955853
73
6ssmtjnxsixthreengrlndcb3
6ssmtjnx6threengrlndcb3
6ssmtjnx63ngrlndcb3
6633
63
vgpq8sixsix
vgpq86six
vgpq866
866
86
96xhrnine9
96xhr99
9699
99
grpsjz1zqzthreeone2four
grpsjz1zqz3one2four
grpsjz1zqz312four
grpsjz1zqz3124
13124
14
r6twosevenrdmczdz
r62sevenrdmczdz
r627rdmczdz
627
67
jdjz4ninefour
jdjz49four
jdjz494
494
44
one88
188
188
18
ninerzdfc8rxnfbpndznctqd4tlb
9rzdfc8rxnfbpndznctqd4tlb
984
94
cshoneightnbdfmpdh2fnvjtxtshseven
csh1ightnbdfmpdh2fnvjtxtshseven
csh1ightnbdfmpdh2fnvjtxtsh7
127
17
gtpljthree1six
gtplj31six
gtplj316
316
36
63eightfournncq
638fournncq
6384nncq
6384
64
twoonegsdpfkfqdf7
2onegsdpfkfqdf7
21gsdpfkfqdf7
217
27
xccnnscfivexbqmxfouroneeightgvndxgnine3
xccnnsc5xbqmxfouroneeightgvndxgnine3
xccnnsc5xbqmx4oneeightgvndxgnine3
xccnnsc5xbqmx41eightgvndxgnine3
xccnnsc5xbqmx418gvndxgnine3
xccnnsc5xbqmx418gvndxg93
541893
53
mktvsff76bfqkq9fivetwo8lv
mktvsff76bfqkq95two8lv
mktvsff76bfqkq9528lv
769528
78
3four5
345
345
35
qhdgmcninethreevssbxqbsd35
qhdgmc9threevssbxqbsd35
qhdgmc93vssbxqbsd35
9335
95
one6mprksdcz6hpxhrdznfpkmp
16mprksdcz6hpxhrdznfpkmp
166
16
six55ninernnmmlgmblttbgph8pqrjtjhtdj
655ninernnmmlgmblttbgph8pqrjtjhtdj
6559rnnmmlgmblttbgph8pqrjtjhtdj
65598
68
jnpbmnbqonemjcsgbg1
jnpbmnbq1mjcsgbg1
11
11
9eightfourmkknzgmqh7two
98fourmkknzgmqh7two
984mkknzgmqh7two
984mkknzgmqh72
98472
92
7five9
759
759
79
2eight44skdlfbhfsshpvhgfseven
2844skdlfbhfsshpvhgfseven
2844skdlfbhfsshpvhgf7
28447
27
2cqrzrhbfn
2
22
three8419two7
38419two7
3841927
3841927
37
rvpblkzgkmxkghsbfn3one
rvpblkzgkmxkghsbfn31
31
31
nine58
958
958
98
74spkcfzsdmkf2six1
74spkcfzsdmkf261
74261
71
2threeseven
23seven
237
237
27
sf84qnthree5bmxnrmqff3seven
sf84qn35bmxnrmqff3seven
sf84qn35bmxnrmqff37
843537
87
oneonecxxv96
1onecxxv96
11cxxv96
1196
16
gpdbgxgjqzdzlxgqphdr63twofourkspvxmvrfx
gpdbgxgjqzdzlxgqphdr632fourkspvxmvrfx
gpdbgxgjqzdzlxgqphdr6324kspvxmvrfx
6324
64
fivesflg9fivesixonexfb1
5sflg9fivesixonexfb1
5sflg95sixonexfb1
5sflg956onexfb1
5sflg9561xfb1
595611
51
8pc56fourqpqmfour2eight
8pc564qpqmfour2eight
8pc564qpqm42eight
8pc564qpqm428
8564428
88
3qvgqqldcr8
38
38
tssixfourlbqstcmj1
ts6fourlbqstcmj1
ts64lbqstcmj1
641
61
pf2sixpzxcpmxtp7twoseven
pf26pzxcpmxtp7twoseven
pf26pzxcpmxtp72seven
pf26pzxcpmxtp727
26727
27
5429
5429
59
drtlhzlqltwosevenfivetwo29
drtlhzlql2sevenfivetwo29
drtlhzlql27fivetwo29
drtlhzlql275two29
drtlhzlql275229
275229
29
eightlqtfronebqhdh1nineonembxnbpgg
8lqtfronebqhdh1nineonembxnbpgg
8lqtfr1bqhdh1nineonembxnbpgg
8lqtfr1bqhdh19onembxnbpgg
8lqtfr1bqhdh191mbxnbpgg
81191
81
vlvnzcpbpqeightjspbbqqeight6
vlvnzcpbpq8jspbbqqeight6
vlvnzcpbpq8jspbbqq86
886
86
sixkkmgcnhdfldplzk3five
6kkmgcnhdfldplzk3five
6kkmgcnhdfldplzk35
635
65
93ninekcmgjm8ckqjdz
939kcmgjm8ckqjdz
9398
98
3dmskrqjd9
39
39
five5threefivesix
55threefivesix
553fivesix
5535six
55356
55356
56
lgvbpdnp8oneeight7eight
lgvbpdnp81eight7eight
lgvbpdnp8187eight
lgvbpdnp81878
81878
88
seven37
737
737
77
2onesixtgbqbnn9eight
21sixtgbqbnn9eight
216tgbqbnn9eight
216tgbqbnn98
21698
28
5ndhfjrvt5fivetrhzsmqtwo
5ndhfjrvt55trhzsmqtwo
5ndhfjrvt55trhzsmq2
5552
52
bdcrhzdr33ninefive9
bdcrhzdr339five9
bdcrhzdr33959
33959
39
cgsdzcninetwofive6one
cgsdzc9twofive6one
cgsdzc92five6one
cgsdzc9256one
cgsdzc92561
92561
91
fiveljbtcqcqdglvjnd8onefour
5ljbtcqcqdglvjnd8onefour
5ljbtcqcqdglvjnd81four
5ljbtcqcqdglvjnd814
5814
54
two2b5lzbjsqx7
22b5lzbjsqx7
2257
27
three593sevenfivetwovptpnmxffrkbsp
3593sevenfivetwovptpnmxffrkbsp
35937fivetwovptpnmxffrkbsp
359375twovptpnmxffrkbsp
3593752vptpnmxffrkbsp
3593752
32
sixonesixthree8btmzlnkvxt
6onesixthree8btmzlnkvxt
61sixthree8btmzlnkvxt
616three8btmzlnkvxt
61638btmzlnkvxt
61638
68
2jf59
259
29
eightfivethreenine57qpdkcfr
8fivethreenine57qpdkcfr
85threenine57qpdkcfr
853nine57qpdkcfr
853957qpdkcfr
853957
87
eightsix31threeeight512
8six31threeeight512
8631threeeight512
86313eight512
863138512
863138512
82
fourseven2twoninenineeightone
4seven2twoninenineeightone
472twoninenineeightone
4722ninenineeightone
47229nineeightone
472299eightone
4722998one
47229981
47229981
41
pqtnqdtsix1
pqtnqdt61
61
61
3zpnvhlsjcmcdvzzlqp5
35
35
sixvnmhckrzxfmjglc964nine
6vnmhckrzxfmjglc964nine
6vnmhckrzxfmjglc9649
69649
69
mftxdnhdzmfnrgvvz59nlhhvr7spjrh
597
57
eightls148mmvsjjldzlmvxjd
8ls148mmvsjjldzlmvxjd
8148
88
3five5mlfhszsevensixthree
355mlfhszsevensixthree
355mlfhsz7sixthree
355mlfhsz76three
355mlfhsz763
355763
33
4zpllkssevenfourtgbhdkltwoc
4zpllks7fourtgbhdkltwoc
4zpllks74tgbhdkltwoc
4zpllks74tgbhdkl2c
4742
42
ffourhnjhmtxxfjg511
f4hnjhmtxxfjg511
4511
41
63jddsfqsmjdmgxnthree3four
63jddsfqsmjdmgxn33four
63jddsfqsmjdmgxn334
63334
64
eight3onetwotwo7
83onetwotwo7
831twotwo7
8312two7
831227
831227
87
fmfour9tvfourfourtwonef
fm49tvfourfourtwonef
fm49tv4fourtwonef
fm49tv44twonef
fm49tv442nef
49442
42
qseven91two2fgnzcjnm
q791two2fgnzcjnm
q79122fgnzcjnm
79122
72
rpzmsseven1jcxvxgnvthreeeight
rpzms71jcxvxgnvthreeeight
rpzms71jcxvxgnv3eight
rpzms71jcxvxgnv38
7138
78
onefourrflrntpkskseven1kthreetwo
1fourrflrntpkskseven1kthreetwo
14rflrntpkskseven1kthreetwo
14rflrntpksk71kthreetwo
14rflrntpksk71k3two
14rflrntpksk71k32
147132
12
5lpmhn1six
5lpmhn16
516
56
ttvdgvf67btpqbslt
67
67
3twovkbrhqsmv2lzggdlbfvgonenine
32vkbrhqsmv2lzggdlbfvgonenine
32vkbrhqsmv2lzggdlbfvg1nine
32vkbrhqsmv2lzggdlbfvg19
32219
39
rstknqvqtwo55sixjpzmgjsm
rstknqvq255sixjpzmgjsm
rstknqvq2556jpzmgjsm
2556
26
nkgfnrxzj7jszsixfiveeightsixfourflqlzmhl
nkgfnrxzj7jsz6fiveeightsixfourflqlzmhl
nkgfnrxzj7jsz65eightsixfourflqlzmhl
nkgfnrxzj7jsz658sixfourflqlzmhl
nkgfnrxzj7jsz6586fourflqlzmhl
nkgfnrxzj7jsz65864flqlzmhl
765864
74
sevenbbbmdgbv9oneightqg
7bbbmdgbv9oneightqg
7bbbmdgbv91ightqg
791
71
mzmksix42oneonexxmndklncn3bqj
mzmk642oneonexxmndklncn3bqj
mzmk6421onexxmndklncn3bqj
mzmk64211xxmndklncn3bqj
642113
63
3xxcsfonefour
3xxcsf1four
3xxcsf14
314
34
1threeeightnine46zzscxblntplpd
13eightnine46zzscxblntplpd
138nine46zzscxblntplpd
138946zzscxblntplpd
138946
16
6four77sneight
6477sneight
6477sn8
64778
68
pcjxrxtwoseven71threethree
pcjxrx2seven71threethree
pcjxrx2771threethree
pcjxrx27713three
pcjxrx277133
277133
23
5spmqztljvbtthreefivenineonesl
5spmqztljvbt3fivenineonesl
5spmqztljvbt35nineonesl
5spmqztljvbt359onesl
5spmqztljvbt3591sl
53591
51
6zlkxrbhlgf6
66
66
228
228
28
2seventhreesixfoursrhxxrcd
27threesixfoursrhxxrcd
273sixfoursrhxxrcd
2736foursrhxxrcd
27364srhxxrcd
27364
24
vhkkr33
33
33
twokzcchqdmpf3
2kzcchqdmpf3
23
23
qrz9
9
99
8lfkxtknx
8
88
76n
76
76
dpxthreeqgtjsqs33pzjxgrmtck
dpx3qgtjsqs33pzjxgrmtck
333
33
1xhhdhqv6sixlcgfour
1xhhdhqv66lcgfour
1xhhdhqv66lcg4
1664
14
four9chmvmrqmfq
49chmvmrqmfq
49
49
one5cvxtvjc96three3
15cvxtvjc96three3
15cvxtvjc9633
159633
13
one6eight
16eight
168
168
18
sevenxdncpgzqqv6five9
7xdncpgzqqv6five9
7xdncpgzqqv659
7659
79
fnlrctrph4mpdninetwo4threedm
fnlrctrph4mpd9two4threedm
fnlrctrph4mpd924threedm
fnlrctrph4mpd9243dm
49243
43
one3nine5two
13nine5two
1395two
13952
13952
12
8prrdscmtgfivecsnxjrpssix56
8prrdscmtg5csnxjrpssix56
8prrdscmtg5csnxjrps656
85656
86
foursclkcvrkvkhrbnnchlsbllfive6djnprhmkxfnine
4sclkcvrkvkhrbnnchlsbllfive6djnprhmkxfnine
4sclkcvrkvkhrbnnchlsbll56djnprhmkxfnine
4sclkcvrkvkhrbnnchlsbll56djnprhmkxf9
4569
49
five2twojknineddzszxsgxxgzfour
52twojknineddzszxsgxxgzfour
522jknineddzszxsgxxgzfour
522jk9ddzszxsgxxgzfour
522jk9ddzszxsgxxgz4
52294
54
9532chktx5
95325
95
two47
247
247
27
42sscxflsevenjssjmzn3xgzpvfsneight
42sscxfl7jssjmzn3xgzpvfsneight
42sscxfl7jssjmzn3xgzpvfsn8
42738
48
7fltzgtkmqkgjj
7
77
1one5six
115six
1156
1156
16
6gstggspddlninezrzcl5eightqdvjlgz
6gstggspddl9zrzcl5eightqdvjlgz
6gstggspddl9zrzcl58qdvjlgz
6958
68
eight2stxftmtsbn
82stxftmtsbn
82
82
vqpqvbjvgklxrtvnkgsvlljgxlpxthkeight8fp
vqpqvbjvgklxrtvnkgsvlljgxlpxthk88fp
88
88
sixpjhzscgthree8eight
6pjhzscgthree8eight
6pjhzscg38eight
6pjhzscg388
6388
68
vgxfxhssbsixfivehxllx9
vgxfxhssb6fivehxllx9
vgxfxhssb65hxllx9
659
69
nrszzljfrthree8
nrszzljfr38
38
38
dvthfklrvtworxtvhljnsqnbcnpj5eight53
dvthfklrv2rxtvhljnsqnbcnpj5eight53
dvthfklrv2rxtvhljnsqnbcnpj5853
25853
23
76threeqclnine
763qclnine
763qcl9
7639
79
eightvdc7one2four
8vdc7one2four
8vdc712four
8vdc7124
87124
84
46five1threeeight3six
4651threeeight3six
46513eight3six
4651383six
46513836
46513836
46
five52k557sixxctdrb
552k557sixxctdrb
552k5576xctdrb
5525576
56
hk2twoggmfchleightxnshxrcvncbxvrzhone7
hk22ggmfchleightxnshxrcvncbxvrzhone7
hk22ggmfchl8xnshxrcvncbxvrzhone7
hk22ggmfchl8xnshxrcvncbxvrzh17
22817
27
21rpnnttwo4fivefivedvtpfmnbmg
21rpnnt24fivefivedvtpfmnbmg
21rpnnt245fivedvtpfmnbmg
21rpnnt2455dvtpfmnbmg
212455
25
onetkgkv14sixdjfznpdrvl
1tkgkv14sixdjfznpdrvl
1tkgkv146djfznpdrvl
1146
16
onezctthreemfnqcczxpffz2six5
1zctthreemfnqcczxpffz2six5
1zct3mfnqcczxpffz2six5
1zct3mfnqcczxpffz265
13265
15
kzeightwovrtjp94vhn9mjlrxqm9xdzbvgqfqt
kz8wovrtjp94vhn9mjlrxqm9xdzbvgqfqt
89499
89
34one17hl
34117hl
34117
37
9332r
9332
92
zeightwottpsrgnljcmnglbfsxdkgffrlgm6jnzvkxn9
z8wottpsrgnljcmnglbfsxdkgffrlgm6jnzvkxn9
869
89
pmzdljpgsix7
pmzdljpg67
67
67
zmhxkpskqzgrkptwofour4
zmhxkpskqzgrkp2four4
zmhxkpskqzgrkp244
244
24
pkoneightsix7
pk1ightsix7
pk1ight67
167
17
9695tfivexmspcgz
9695t5xmspcgz
96955
95
ninerrlfckbs7vcmbhkninelbhfclninesevenbppk
9rrlfckbs7vcmbhkninelbhfclninesevenbppk
9rrlfckbs7vcmbhk9lbhfclninesevenbppk
9rrlfckbs7vcmbhk9lbhfcl9sevenbppk
9rrlfckbs7vcmbhk9lbhfcl97bppk
97997
97
78k2qhvkzgkgkskhfiveone8
78k2qhvkzgkgkskh5one8
78k2qhvkzgkgkskh518
782518
78
ndxnqczhlkdvd97threeseven
ndxnqczhlkdvd973seven
ndxnqczhlkdvd9737
9737
97
jmmdfvftbeightone8eight1twosevenseven
jmmdfvftb8one8eight1twosevenseven
jmmdfvftb818eight1twosevenseven
jmmdfvftb81881twosevenseven
jmmdfvftb818812sevenseven
jmmdfvftb8188127seven
jmmdfvftb81881277
81881277
87
five9six98grthvvqdjbrkxn1
59six98grthvvqdjbrkxn1
59698grthvvqdjbrkxn1
596981
51
4qxvqfrkgnfcxkkdm1mnczs
41
41
n3b
3
33
three9bzfour57
39bzfour57
39bz457
39457
37
8threexkglxf2
83xkglxf2
832
82
onedxfivedxvgxjmzkone3kbmplxbkdnpknjzrbmt
1dxfivedxvgxjmzkone3kbmplxbkdnpknjzrbmt
1dx5dxvgxjmzkone3kbmplxbkdnpknjzrbmt
1dx5dxvgxjmzk13kbmplxbkdnpknjzrbmt
1513
13
nine3two9fivefrmjgxkrtrmzh
93two9fivefrmjgxkrtrmzh
9329fivefrmjgxkrtrmzh
93295frmjgxkrtrmzh
93295
95
tlgpkzfdlnine9fivezdl
tlgpkzfdl99fivezdl
tlgpkzfdl995zdl
995
95
9fourtsnhlf5ljxrhflckjrrzfjbndhlcbv
94tsnhlf5ljxrhflckjrrzfjbndhlcbv
945
95
3tthree6zqrhbpqczsixrgvlcpm5
3t36zqrhbpqczsixrgvlcpm5
3t36zqrhbpqcz6rgvlcpm5
33665
35
twosixnzqtvhhnm8
2sixnzqtvhhnm8
26nzqtvhhnm8
268
28
five6one6
56one6
5616
5616
56
4fournine946nine7
44nine946nine7
449946nine7
44994697
44994697
47
one8rzlnlcvdseven4seven
18rzlnlcvdseven4seven
18rzlnlcvd74seven
18rzlnlcvd747
18747
17
tnmkgnbrzg5nmlqsevenone7oneeight
tnmkgnbrzg5nmlq7one7oneeight
tnmkgnbrzg5nmlq717oneeight
tnmkgnbrzg5nmlq7171eight
tnmkgnbrzg5nmlq71718
571718
58
eight985sjrfjdhtkrbd
8985sjrfjdhtkrbd
8985
85
4threexlm6twoone5mthree
43xlm6twoone5mthree
43xlm62one5mthree
43xlm6215mthree
43xlm6215m3
4362153
43
four8fiveghddxqlp
48fiveghddxqlp
485ghddxqlp
485
45
1kjtrpktpkq
1
11
2grqpqfsclsgdzmkglxbzxcshrs811one
2grqpqfsclsgdzmkglxbzxcshrs8111
28111
21
9seven94ffkfdmvxr
9794ffkfdmvxr
9794
94
8tvnnbpj7bjmvlnnj
87
87
sixthreeflggjxmlk54
6threeflggjxmlk54
63flggjxmlk54
6354
64
6five6ninecjdmkggsixnine
656ninecjdmkggsixnine
6569cjdmkggsixnine
6569cjdmkgg6nine
6569cjdmkgg69
656969
69
sfjlhbbx6onexxjsix4z
sfjlhbbx61xxjsix4z
sfjlhbbx61xxj64z
6164
64
9bbnhtpgbntzlxct85
985
95
2bltznvqgs8sixsix
2bltznvqgs86six
2bltznvqgs866
2866
26
nms7vst8
78
78
eight9vnrqbv
89vnrqbv
89
89
two663
2663
2663
23
1h6prckcqdqn
16
16
2ninesevensixtwogkvtjrp6rbgc
29sevensixtwogkvtjrp6rbgc
297sixtwogkvtjrp6rbgc
2976twogkvtjrp6rbgc
29762gkvtjrp6rbgc
297626
26
sbsncmpsixhfvttwo27fsb
sbsncmp6hfvttwo27fsb
sbsncmp6hfvt227fsb
6227
67
fourtwoshvjffjdeight83knlxbdjphsn
4twoshvjffjdeight83knlxbdjphsn
42shvjffjdeight83knlxbdjphsn
42shvjffjd883knlxbdjphsn
42883
43
bkbhjcgkjbcgjsix1
bkbhjcgkjbcgj61
61
61
cfkpjctlnztlsgjonehrmvtl7vksr
cfkpjctlnztlsgj1hrmvtl7vksr
17
17
8eightphhd
88phhd
88
88
6eighttwosix5one
68twosix5one
682six5one
68265one
682651
682651
61
8dtnqgtrddjfqmlrptphfxkcgoneeight7
8dtnqgtrddjfqmlrptphfxkcg1eight7
8dtnqgtrddjfqmlrptphfxkcg187
8187
87
32eightjfgtqjllmxtf6s
328jfgtqjllmxtf6s
3286
36
twovqnctjcvsdfjbhtnzccd2gshchnhrpx
2vqnctjcvsdfjbhtnzccd2gshchnhrpx
22
22
twovqqpbrf9
2vqqpbrf9
29
29
four4onelkjf15psdspgvvdfcvmnkhmfive
44onelkjf15psdspgvvdfcvmnkhmfive
441lkjf15psdspgvvdfcvmnkhmfive
441lkjf15psdspgvvdfcvmnkhm5
441155
45
xdpg4ninetsbrmpqfive
xdpg49tsbrmpqfive
xdpg49tsbrmpq5
495
45
fiveonefive19
5onefive19
51five19
51519
51519
59
46qtppz
46
46
twoseveneighteight72
2seveneighteight72
27eighteight72
278eight72
278872
278872
22
fivefourthreesevenbxtpqctslbkeight2qmvgth
5fourthreesevenbxtpqctslbkeight2qmvgth
54threesevenbxtpqctslbkeight2qmvgth
543sevenbxtpqctslbkeight2qmvgth
5437bxtpqctslbkeight2qmvgth
5437bxtpqctslbk82qmvgth
543782
52
355ncxjffxt
355
35
eight4zslht5six
84zslht5six
84zslht56
8456
86
sdnsrghmbxxjhjqd1njqjcghsspmggzd2
12
12
vcthxnqqkvqsjrkxrs71onetwo
vcthxnqqkvqsjrkxrs711two
vcthxnqqkvqsjrkxrs7112
7112
72
fivexcjvm9
5xcjvm9
59
59
3kddthreehfhjmq9ninesix6
3kdd3hfhjmq9ninesix6
3kdd3hfhjmq99six6
3kdd3hfhjmq9966
339966
36
rclqzddvxtm2nineninethreefour
rclqzddvxtm29ninethreefour
rclqzddvxtm299threefour
rclqzddvxtm2993four
rclqzddvxtm29934
29934
24
vlfgxbkdgnxrsprd386onethreetwo
vlfgxbkdgnxrsprd3861threetwo
vlfgxbkdgnxrsprd38613two
vlfgxbkdgnxrsprd386132
386132
32
5sixjscbvzkxtl5fourone
56jscbvzkxtl5fourone
56jscbvzkxtl54one
56jscbvzkxtl541
56541
51
317dnqnqntwo65jnthjbxnfive
317dnqnqn265jnthjbxnfive
317dnqnqn265jnthjbxn5
3172655
35
mxtwonethreetwo2ninefour35lnhczqfpt4
mx2nethreetwo2ninefour35lnhczqfpt4
mx2ne3two2ninefour35lnhczqfpt4
mx2ne322ninefour35lnhczqfpt4
mx2ne3229four35lnhczqfpt4
mx2ne3229435lnhczqfpt4
232294354
24
nlctnjrr9twopthreefmxgjeightwofqh
nlctnjrr92pthreefmxgjeightwofqh
nlctnjrr92p3fmxgjeightwofqh
nlctnjrr92p3fmxgj8wofqh
9238
98
nz8threefourbhcjvssgcnine
nz83fourbhcjvssgcnine
nz834bhcjvssgcnine
nz834bhcjvssgc9
8349
89
sevensixzspvzjseven9
7sixzspvzjseven9
76zspvzjseven9
76zspvzj79
7679
79
six6onetwocnvmjfour4eightone
66onetwocnvmjfour4eightone
661twocnvmjfour4eightone
6612cnvmjfour4eightone
6612cnvmj44eightone
6612cnvmj448one
6612cnvmj4481
66124481
61
7xfd5qlmtzhhgr
75
75
8twonesch
82nesch
82
82
nineqvlsrfpdn2
9qvlsrfpdn2
92
92
ptrfgdnine7gpxsix
ptrfgd97gpxsix
ptrfgd97gpx6
976
96
pfx4sixfoursix4fivesix
pfx46foursix4fivesix
pfx464six4fivesix
pfx46464fivesix
pfx464645six
pfx4646456
4646456
46
68lqzp
68
68
nine53jmtsxjptgmzpfoureight31
953jmtsxjptgmzpfoureight31
953jmtsxjptgmzp4eight31
953jmtsxjptgmzp4831
9534831
91
two1msjf8
21msjf8
218
28
gpgrpptthreetwomfrmkszrv8
gpgrppt3twomfrmkszrv8
gpgrppt32mfrmkszrv8
328
38
3five4
354
354
34
threelqgs2kjvlsbmjkf
3lqgs2kjvlsbmjkf
32
32
4fourzgqkfhqhvhpgfkt
44zgqkfhqhvhpgfkt
44
44
jnlbcbgrp7
7
77
onecdcmbrqxxlpbd1rthree
1cdcmbrqxxlpbd1rthree
1cdcmbrqxxlpbd1r3
113
13
99mbfdcgbhv
99
99
nine6cvmfourfivesixhcsqfpxkdk
96cvmfourfivesixhcsqfpxkdk
96cvm4fivesixhcsqfpxkdk
96cvm45sixhcsqfpxkdk
96cvm456hcsqfpxkdk
96456
96
eighthjbqsbz6ndpkdlnpmpxqvpmsrbvksnnleightnzxmjg
8hjbqsbz6ndpkdlnpmpxqvpmsrbvksnnleightnzxmjg
8hjbqsbz6ndpkdlnpmpxqvpmsrbvksnnl8nzxmjg
868
88
gvvpnfzbb7zxfschnrteight6two5tnp
gvvpnfzbb7zxfschnrt86two5tnp
gvvpnfzbb7zxfschnrt8625tnp
78625
75
sixrctqxdpkxpfdkglvthreenine47rzs
6rctqxdpkxpfdkglvthreenine47rzs
6rctqxdpkxpfdkglv3nine47rzs
6rctqxdpkxpfdkglv3947rzs
63947
67
jtwonefour8rkmtclhlf97fqpjmggtztwo
j2nefour8rkmtclhlf97fqpjmggtztwo
j2ne48rkmtclhlf97fqpjmggtztwo
j2ne48rkmtclhlf97fqpjmggtz2
248972
22
slmfjkfgbjt6
6
66
8lbh
8
88
eightnqtfvvm2
8nqtfvvm2
82
82
vseven31
v731
731
71
one54qrnzfrbdqfive
154qrnzfrbdqfive
154qrnzfrbdq5
1545
15
8twokfivel9
82kfivel9
82k5l9
8259
89
vfcsqvxkdxfiveqdvgqdmstn5
vfcsqvxkdx5qdvgqdmstn5
55
55
5l63
563
53
two8fourzskrqbcszfzbchlh9ldcp6
28fourzskrqbcszfzbchlh9ldcp6
284zskrqbcszfzbchlh9ldcp6
28496
26
hqhszsgmqzlksq5
5
55
sb6fivefourpmtptjtkzhbxjjnqsixkt9
sb65fourpmtptjtkzhbxjjnqsixkt9
sb654pmtptjtkzhbxjjnqsixkt9
sb654pmtptjtkzhbxjjnq6kt9
65469
69
twohrktppz5sevenhppmnjzlrkdqddsgs
2hrktppz5sevenhppmnjzlrkdqddsgs
2hrktppz57hppmnjzlrkdqddsgs
257
27
two37ninefive
237ninefive
2379five
23795
23795
25
fourllczb9
4llczb9
49
49
sixfourone83two
6fourone83two
64one83two
64183two
641832
641832
62
ktgpc7
7
77
fjsnkdj6sixsixtworlhgnbqlbm
fjsnkdj66sixtworlhgnbqlbm
fjsnkdj666tworlhgnbqlbm
fjsnkdj6662rlhgnbqlbm
6662
62
51zscxpk6onesevenjxxzcp6hqrtjmhqpk
51zscxpk61sevenjxxzcp6hqrtjmhqpk
51zscxpk617jxxzcp6hqrtjmhqpk
516176
56
dmxfcfmfsbfpjfive4
dmxfcfmfsbfpj54
54
54
one47
147
147
17
9jdlkcpzsevengfddvzxdnfkxf8
9jdlkcpz7gfddvzxdnfkxf8
978
98
fourdxnine3four39
4dxnine3four39
4dx93four39
4dx93439
493439
49
nine1one7fjcjjckngthreec
91one7fjcjjckngthreec
9117fjcjjckngthreec
9117fjcjjckng3c
91173
93
5dlqjlbpt
5
55
twooneeight9gf6zvtsqvrlnf
2oneeight9gf6zvtsqvrlnf
21eight9gf6zvtsqvrlnf
2189gf6zvtsqvrlnf
21896
26
three3six7
33six7
3367
3367
37
3jnhfivethree
3jnh5three
3jnh53
353
33
1pzdqvjftwofive348
1pzdqvjf2five348
1pzdqvjf25348
125348
18
four7kcrqkf9
47kcrqkf9
479
49
9cxglsdg
9
99
twobgmghbrqdngthreervxjbmp7xvrskhfcf
2bgmghbrqdngthreervxjbmp7xvrskhfcf
2bgmghbrqdng3rvxjbmp7xvrskhfcf
237
27
cpvhhkgmftttdtwoqfncthree1tzlbqcr5
cpvhhkgmftttd2qfncthree1tzlbqcr5
cpvhhkgmftttd2qfnc31tzlbqcr5
2315
25
kmxqkfmlgtmztzpr74ninebqgcjkksljrphc
kmxqkfmlgtmztzpr749bqgcjkksljrphc
749
79
mrsmtdhpsixslxg9five7
mrsmtdhp6slxg9five7
mrsmtdhp6slxg957
6957
67
53two
532
532
52
xpfzv3
3
33
twosdjhone551twozgqc4
2sdjhone551twozgqc4
2sdjh1551twozgqc4
2sdjh15512zgqc4
2155124
24
89fourfournfhc
894fournfhc
8944nfhc
8944
84
five7chqddxtwo1tjmlhqsix
57chqddxtwo1tjmlhqsix
57chqddx21tjmlhqsix
57chqddx21tjmlhq6
57216
56
dkrnxgh5xqzcnjzrhg
5
55
lcvfqpglmntwo1sixthreevdndckjgpkzpsp
lcvfqpglmn21sixthreevdndckjgpkzpsp
lcvfqpglmn216threevdndckjgpkzpsp
lcvfqpglmn2163vdndckjgpkzpsp
2163
23
foursixnineseven1llbdvckff
4sixnineseven1llbdvckff
46nineseven1llbdvckff
469seven1llbdvckff
46971llbdvckff
46971
41
6four15fivettfivefive
6415fivettfivefive
64155ttfivefive
64155tt5five
64155tt55
6415555
65
684cfnqfxkxgeightnfgqqmthreelbfxxdsmn
684cfnqfxkxg8nfgqqmthreelbfxxdsmn
684cfnqfxkxg8nfgqqm3lbfxxdsmn
68483
63
fourdcxxseven28hxqqfhxtd
4dcxxseven28hxqqfhxtd
4dcxx728hxqqfhxtd
4728
48
1threegjffmjrfxppnsqthree
13gjffmjrfxppnsqthree
13gjffmjrfxppnsq3
133
13
3khnfmcmtj33
333
33
9ninejvdl88
99jvdl88
9988
98
3four9seven8fourmpjpkn7
349seven8fourmpjpkn7
34978fourmpjpkn7
349784mpjpkn7
3497847
37
tmfourkc1sixfournglfl
tm4kc1sixfournglfl
tm4kc16fournglfl
tm4kc164nglfl
4164
44
24xgscdtfxhttglvhczrstpfcjvnine2fiveone
24xgscdtfxhttglvhczrstpfcjv92fiveone
24xgscdtfxhttglvhczrstpfcjv925one
24xgscdtfxhttglvhczrstpfcjv9251
249251
21
psqoneight4twojxkcvgdteight1rhcgmkmmjbbnzdhqj
psq1ight4twojxkcvgdteight1rhcgmkmmjbbnzdhqj
psq1ight42jxkcvgdteight1rhcgmkmmjbbnzdhqj
psq1ight42jxkcvgdt81rhcgmkmmjbbnzdhqj
14281
11
sfrgqk1two
sfrgqk12
12
12
fiverzjbzssone4nineninefive
5rzjbzssone4nineninefive
5rzjbzss14nineninefive
5rzjbzss149ninefive
5rzjbzss1499five
5rzjbzss14995
514995
55
twonineonergqsg2eight7eightwolf
2nineonergqsg2eight7eightwolf
29onergqsg2eight7eightwolf
291rgqsg2eight7eightwolf
291rgqsg287eightwolf
291rgqsg2878wolf
2912878
28
rztthree6sixsixxsxtvjthree
rzt36sixsixxsxtvjthree
rzt366sixxsxtvjthree
rzt3666xsxtvjthree
rzt3666xsxtvj3
36663
33
78fourcvthree
784cvthree
784cv3
7843
73
17hjphkdthree
17hjphkd3
173
13
tdprffbgqseven7
tdprffbgq77
77
77
58eightbchzffmkhh8twofivethree
588bchzffmkhh8twofivethree
588bchzffmkhh82fivethree
588bchzffmkhh825three
588bchzffmkhh8253
5888253
53
zpbfstbb71hgldfkrvfourthreeonesixfour
zpbfstbb71hgldfkrv4threeonesixfour
zpbfstbb71hgldfkrv43onesixfour
zpbfstbb71hgldfkrv431sixfour
zpbfstbb71hgldfkrv4316four
zpbfstbb71hgldfkrv43164
7143164
74
fiveseven1eightnine
5seven1eightnine
571eightnine
5718nine
57189
57189
59
four8nine4vxpfpgxtlfhcrndscfgn4seven
48nine4vxpfpgxtlfhcrndscfgn4seven
4894vxpfpgxtlfhcrndscfgn4seven
4894vxpfpgxtlfhcrndscfgn47
489447
47
pgtznpnqvm1one1dfsix16
pgtznpnqvm111dfsix16
pgtznpnqvm111df616
111616
16
ddffoureightpmqkznnseven75two
ddf4eightpmqkznnseven75two
ddf48pmqkznnseven75two
ddf48pmqkznn775two
ddf48pmqkznn7752
487752
42
6lklqx1sevenzhfdb1
6lklqx17zhfdb1
6171
61
mq113scstpnnveightfive3nine
mq113scstpnnv8five3nine
mq113scstpnnv853nine
mq113scstpnnv8539
1138539
19
threetwox79
3twox79
32x79
3279
39
284mrsixthreefour
284mr6threefour
284mr63four
284mr634
284634
24
1seven7zk4lldz2
177zk4lldz2
17742
12
271nine2fourfive9
27192fourfive9
271924five9
27192459
27192459
29
fourthree37xxkvlgsixzpkblnine
4three37xxkvlgsixzpkblnine
4337xxkvlgsixzpkblnine
4337xxkvlg6zpkblnine
4337xxkvlg6zpkbl9
433769
49
xbbnj2eight33
xbbnj2833
2833
23
seven5sevenonekzpnhzx
75sevenonekzpnhzx
757onekzpnhzx
7571kzpnhzx
7571
71
247xgmlnntrcsixbstnine
247xgmlnntrc6bstnine
247xgmlnntrc6bst9
24769
29
3ninezxtbqbfgtdjpgmjv
39zxtbqbfgtdjpgmjv
39
39
tvxkssrfthree3
tvxkssrf33
33
33
fourfoureight12
4foureight12
44eight12
44812
44812
42
onefdszsvrzt2fdeightzkbmz
1fdszsvrzt2fdeightzkbmz
1fdszsvrzt2fd8zkbmz
128
18
cqrqkfgb3sevenqtqntxxhqlvrcthreefour
cqrqkfgb37qtqntxxhqlvrcthreefour
cqrqkfgb37qtqntxxhqlvrc3four
cqrqkfgb37qtqntxxhqlvrc34
3734
34
2one5ptslgxsp4six4two6
215ptslgxsp4six4two6
215ptslgxsp464two6
215ptslgxsp46426
21546426
26
rskmbsfglone913vlmqtmpvfsevenp
rskmbsfgl1913vlmqtmpvfsevenp
rskmbsfgl1913vlmqtmpvf7p
19137
17
7c
7
77
nkzrdb66crhk
66
66
onevdttzljsmzvvhlf1tzqsqnnchdxbmngtlzzjdszvlvfzhx
1vdttzljsmzvvhlf1tzqsqnnchdxbmngtlzzjdszvlvfzhx
11
11
eightbtstrjzmfmzvcgsbgfxfour4one1
8btstrjzmfmzvcgsbgfxfour4one1
8btstrjzmfmzvcgsbgfx44one1
8btstrjzmfmzvcgsbgfx4411
84411
81
pttthttfftkp41
41
41
two9rlqrxvsevenfive
29rlqrxvsevenfive
29rlqrxv7five
29rlqrxv75
2975
25
v2four4
v244
244
24
two2one
22one
221
221
21
rdvhthhzrmeight5jtgf
rdvhthhzrm85jtgf
85
85
flshgbbtztkjfive8
flshgbbtztkj58
58
58
7sfc181fivefive
7sfc1815five
7sfc18155
718155
75
fivenine1bfnchprbsix
5nine1bfnchprbsix
591bfnchprbsix
591bfnchprb6
5916
56
six2zpqshtndsgsevenone3one4
62zpqshtndsgsevenone3one4
62zpqshtndsg7one3one4
62zpqshtndsg713one4
62zpqshtndsg71314
6271314
64
fq8
8
88
seven4eightvzfq7kthqh
74eightvzfq7kthqh
748vzfq7kthqh
7487
77
4vxtllmlnine8gsqkngfdzeight
4vxtllml98gsqkngfdzeight
4vxtllml98gsqkngfdz8
4988
48
vhfzmbgseven5
vhfzmbg75
75
75
skqfzlconefivertzchfkvthreeeightfive22
skqfzlc1fivertzchfkvthreeeightfive22
skqfzlc15rtzchfkvthreeeightfive22
skqfzlc15rtzchfkv3eightfive22
skqfzlc15rtzchfkv38five22
skqfzlc15rtzchfkv38522
1538522
12
72oneeightone
721eightone
7218one
72181
72181
71
7ccs8vjx7vvszsn
787
77
xrtmgqk95five849
xrtmgqk955849
955849
99
threebqeight8hg
3bqeight8hg
3bq88hg
388
38
drdhjjtdrdxonenineninefourfkzrrggvz97
drdhjjtdrdx1nineninefourfkzrrggvz97
drdhjjtdrdx19ninefourfkzrrggvz97
drdhjjtdrdx199fourfkzrrggvz97
drdhjjtdrdx1994fkzrrggvz97
199497
17
8xxldtmdctllqssgdqp83
883
83
dfqrjzv9rqbtn6
96
96
3ninenhgqkglfvjbmgcdrsbhfournine
39nhgqkglfvjbmgcdrsbhfournine
39nhgqkglfvjbmgcdrsbh4nine
39nhgqkglfvjbmgcdrsbh49
3949
39
five821
5821
5821
51
54foursix7pv2qsix
544six7pv2qsix
54467pv2qsix
54467pv2q6
5446726
56
7197threescjkqhpqvzgjthpmcgtzrcd
71973scjkqhpqvzgjthpmcgtzrcd
71973
73
ltpzstwo78fivefourstwox
ltpzs278fivefourstwox
ltpzs2785fourstwox
ltpzs27854stwox
ltpzs27854s2x
278542
22
mcqcmxxzcmpzrz4ntgnsgqbqjmkzpqvxtvsixrzzr3seven
mcqcmxxzcmpzrz4ntgnsgqbqjmkzpqvxtv6rzzr3seven
mcqcmxxzcmpzrz4ntgnsgqbqjmkzpqvxtv6rzzr37
4637
47
foursixfourzrnxsixgpx7eight
4sixfourzrnxsixgpx7eight
46fourzrnxsixgpx7eight
464zrnxsixgpx7eight
464zrnx6gpx7eight
464zrnx6gpx78
464678
48
41448sevenhxjpbvhvlmqrpjsvhblts
414487hxjpbvhvlmqrpjsvhblts
414487
47
1geightgtxlzdmpprjvg856five
1g8gtxlzdmpprjvg856five
1g8gtxlzdmpprjvg8565
188565
15
2tgrll648four
2tgrll6484
26484
24
3pkcd6eight948
3pkcd68948
368948
38
94sfznqjqlkvfjgczm
94
94
twockgseven4seven6bp
2ckgseven4seven6bp
2ckg74seven6bp
2ckg7476bp
27476
26
sixsix6eightsixeight
6six6eightsixeight
666eightsixeight
6668sixeight
66686eight
666868
666868
68
nine3threenpsmshnchm
93threenpsmshnchm
933npsmshnchm
933
93
threemqfptponesevendbjs17
3mqfptponesevendbjs17
3mqfptp1sevendbjs17
3mqfptp17dbjs17
31717
37
2ninehnsnnvj21fkeightwodmz
29hnsnnvj21fkeightwodmz
29hnsnnvj21fk8wodmz
29218
28
jcptspngbc38nvtnrmvqtwo1
jcptspngbc38nvtnrmvq21
3821
31
6qsmcvfoursmlsevensix4lkpxxcnk
6qsmcv4smlsevensix4lkpxxcnk
6qsmcv4sml7six4lkpxxcnk
6qsmcv4sml764lkpxxcnk
64764
64
xmtjrsrkjd5
5
55
7psvffqn4
74
74
3sh
3
33
jdklghtbz1eightrhvfmnlknlghg77
jdklghtbz18rhvfmnlknlghg77
1877
17
62tbtjfkltkdrxsxhhxpvbfvpnrpflh
62
62
fpctmmvvnbftv2
2
22
nkxmdshm5twoseven672
nkxmdshm52seven672
nkxmdshm527672
527672
52
88788jnscmpqr66sxcjx
8878866
86
54095